[backblue.gif]
[fade.gif]
[index.html]
[thecoffeebean813.com/wordpress1/comments/feed/index.html]
[thecoffeebean813.com/wordpress1/feed/index.html]
[thecoffeebean813.com/wordpress1/wp-includes/js/jquery/jqueryb8ff.js]
[thecoffeebean813.com/wordpress1/wp-includes/js/jquery/jquery-migrate.min330a.js]
[thecoffeebean813.com/wordpress1/wp-content/plugins/social-pug/assets/js/front-end1c9b.js]
[thecoffeebean813.com/wordpress1/xmlrpc0db0.php]
[thecoffeebean813.com/wordpress1/wp-includes/wlwmanifest.xml]
[thecoffeebean813.com/wordpress1/wp-json/index.html]
[i1.wp.com/thecoffeebean813.com/wordpress1/wp-content/uploads/2016/12/cropped-imagesJYPH6U4U7398.jpg]
[i0.wp.com/thecoffeebean813.com/wordpress1/wp-content/uploads/2016/12/cropped-imagesJYPH6U4Uff94.jpg]
[i2.wp.com/thecoffeebean813.com/wordpress1/wp-content/uploads/2016/12/cropped-imagesJYPH6U4Ufd20.jpg]
[thecoffeebean813.com/wordpress1/wp-content/uploads/2016/12/cropped-imagesIL0OH7CM-1.jpg]
[i2.wp.com/coffeebean506.files.wordpress.com/2016/12/24782b.png]
[i2.wp.com/assets.pinterest.com/images/pidgets/pinit_fg_en_rect_gray_206398.png]
[apis.google.com/js/plusone.js]
[thecoffeebean813.com/wordpress1/wp-content/plugins/jetpack/modules/photon/photonb3d9.js]
[s0.wp.com/wp-content/js/devicepx-jetpack022c.js]
[thecoffeebean813.com/wordpress1/wp-content/plugins/jetpack/modules/wpgroho1c9b.js]
[s.gravatar.com/js/gprofilesf13f.js]
[thecoffeebean813.com/wordpress1/wp-content/themes/hemingway/js/global1c9b.js]
[thecoffeebean813.com/wordpress1/wp-includes/js/wp-embed.min1c9b.js]
[thecoffeebean813.com/wordpress1/wp-content/plugins/jetpack/modules/sharedaddy/sharinga94e.js]
[thecoffeebean813.com/wordpress1/index.html]
[thecoffeebean813.com/wordpress1/wp-content/plugins/social-pug/assets/fonts/socialpugbb91.eot]
[stats.wp.com/e-201649.js]
[thecoffeebean813.com/wordpress1/wp-content/plugins/social-pug/assets/fonts/socialpugd41d.eot]
[thecoffeebean813.com/wordpress1/wp-content/plugins/social-pug/assets/fonts/socialpug.woff]
[thecoffeebean813.com/wordpress1/wp-content/plugins/social-pug/assets/fonts/socialpug.ttf]
[thecoffeebean813.com/wordpress1/wp-content/plugins/social-pug/assets/css/style-frontend1c9b.css]
[thecoffeebean813.com/wordpress1/wp-content/plugins/jetpack/_inc/social-logos/social-logos6de4.eot]
[thecoffeebean813.com/wordpress1/wp-content/plugins/jetpack/_inc/social-logos/social-logosd41d.eot]
[thecoffeebean813.com/wordpress1/wp-content/plugins/jetpack/_inc/social-logos/social-logos6de4.ttf]
[thecoffeebean813.com/wordpress1/wp-content/plugins/jetpack/_inc/social-logos/social-logos.min68b3.css]
[thecoffeebean813.com/wordpress1/wp-content/plugins/jetpack/modules/carousel/images/arrows.png]
[thecoffeebean813.com/wordpress1/wp-content/plugins/jetpack/modules/carousel/images/arrows-2x.png]
[thecoffeebean813.com/wordpress1/wp-content/plugins/jetpack/modules/carousel/images/carousel-spritee4da.png]
[thecoffeebean813.com/wordpress1/wp-content/plugins/jetpack/modules/carousel/images/carousel-sprite-2xe4da.png]
[thecoffeebean813.com/wordpress1/wp-content/plugins/jetpack/modules/shortcodes/img/slideshow-controls.png]
[thecoffeebean813.com/wordpress1/wp-content/plugins/jetpack/modules/shortcodes/img/slideshow-controls-2x.png]
[thecoffeebean813.com/wordpress1/wp-content/plugins/jetpack/modules/shortcodes/images/slide-nav.png]
[thecoffeebean813.com/wordpress1/wp-content/plugins/jetpack/modules/shortcodes/images/expand.png]
[thecoffeebean813.com/wordpress1/wp-content/plugins/jetpack/modules/shortcodes/images/collapse.png]
[secure.gravatar.com/images/grav-share-sprite.png]
[thecoffeebean813.com/wordpress1/wp-content/plugins/jetpack/css/jetpacka94e.css]
[thecoffeebean813.com/wordpress1/wp-content/themes/hemingway/style1c9b.css]
[i1.wp.com/thecoffeebean813.com/wordpress1/wp-content/uploads/2016/12/cropped-imagesJYPH6U4Ufd20.jpg]
[i1.wp.com/assets.pinterest.com/images/pidgets/pinit_fg_en_rect_gray_206398.png]
[thecoffeebean813.com/wordpress1/home/index.html]
[thecoffeebean813.com/wordpress1/wp-json/oembed/1.0/embede27f.json]
[thecoffeebean813.com/wordpress1/wp-json/oembed/1.0/embed5405]
[i2.wp.com/thecoffeebean813.com/wordpress1/wp-content/uploads/2016/12/cropped-imagesJYPH6U4Uff94.jpg]
[i0.wp.com/thecoffeebean813.com/wordpress1/wp-content/uploads/2016/12/cropped-imagesJYPH6U4Ufd20.jpg]
[thecoffeebean813.com/wordpress1/wp-includes/js/comment-reply.min1c9b.js]
[thecoffeebean813.com/wordpress1/about/index.html]
[thecoffeebean813.com/wordpress1/wp-json/oembed/1.0/embedf153.json]
[thecoffeebean813.com/wordpress1/wp-json/oembed/1.0/embed7f25]
[i0.wp.com/thecoffeebean813.com/wordpress1/wp-content/uploads/2016/12/cropped-imagesJYPH6U4U7398.jpg]
[i1.wp.com/thecoffeebean813.com/wordpress1/wp-content/uploads/2016/12/cropped-imagesJYPH6U4Uff94.jpg]
[i0.wp.com/assets.pinterest.com/images/pidgets/pinit_fg_en_rect_gray_206398.png]
[thecoffeebean813.com/wordpress1/contact/index.html]
[thecoffeebean813.com/wordpress1/wp-json/oembed/1.0/embed5704.json]
[thecoffeebean813.com/wordpress1/2016/12/03/cooking-with-coffee-recipe-of-the-day/feed/index.html]
[thecoffeebean813.com/wordpress1/wp-json/oembed/1.0/embedba85]
[thecoffeebean813.com/wordpress1/2016/12/03/cooking-with-coffee-recipe-of-the-day/index.html]
[thecoffeebean813.com/wordpress1/author/thecoffeebean813/index.html]
[thecoffeebean813.com/wordpress1/author/thecoffeebean813/feed/index.html]
[i2.wp.com/thecoffeebean813.com/wordpress1/wp-content/uploads/2016/12/cropped-imagesJYPH6U4U7398.jpg]
[i1.wp.com/coffeebean506.files.wordpress.com/2016/12/178f73.png]
[i0.wp.com/coffeebean506.files.wordpress.com/2016/12/images7monvf5x9bd9.jpg]
[i2.wp.com/coffeebean506.files.wordpress.com/2016/12/18782b.png]
[i2.wp.com/coffeebean506.files.wordpress.com/2016/12/19ed9d.png]
[i1.wp.com/coffeebean506.files.wordpress.com/2016/12/imagesk8rlhkic98ce.jpg]
[i0.wp.com/coffeebean506.files.wordpress.com/2016/12/imagesjv0xfriw18f2.jpg]
[i2.wp.com/coffeebean506.files.wordpress.com/2016/12/20dcf3.png]
[i1.wp.com/coffeebean506.files.wordpress.com/2016/12/225e9e.png]
[i0.wp.com/coffeebean506.files.wordpress.com/2016/12/23782b.png]
[i1.wp.com/coffeebean506.files.wordpress.com/2016/12/imagesgam7s4pf457e.jpg]
[i2.wp.com/coffeebean506.files.wordpress.com/2016/12/imagesji52knqc3597.jpg]
[i0.wp.com/coffeebean506.files.wordpress.com/2016/12/imagestq2db1gx1350.jpg]
[thecoffeebean813.com/wordpress1/page/2/index.html]
[i0.wp.com/coffeebean506.files.wordpress.com/2016/12/24782b.png]
[thecoffeebean813.com/wordpress1/2016/12/index.html]
[thecoffeebean813.com/wordpress1/wp-content/plugins/jetpack/_inc/genericons/genericons/Genericons.eot]
[thecoffeebean813.com/wordpress1/wp-content/plugins/jetpack/_inc/genericons/genericons/Genericonsd41d.eot]
[thecoffeebean813.com/wordpress1/wp-content/plugins/jetpack/_inc/genericons/genericons/Genericons.ttf]
[thecoffeebean813.com/wordpress1/wp-content/plugins/jetpack/_inc/genericons/genericons/genericons128b.css]
[s0.wp.com/wp-content/js/devicepx-jetpack022c.js]
[pixel.wp.com/g9818.gif]
[s.gravatar.com/js/gprofilesf13f.js]
[stats.wp.com/e-201649.js]
[thecoffeebean813.com/wordpress1/wp-content/plugins/social-pug/assets/fonts/socialpug.svg]
[i2.wp.com/coffeebean506.files.wordpress.com/2016/12/178f73.png]
[i1.wp.com/coffeebean506.files.wordpress.com/2016/12/images7monvf5x9bd9.jpg]
[i1.wp.com/coffeebean506.files.wordpress.com/2016/12/18782b.png]
[i0.wp.com/coffeebean506.files.wordpress.com/2016/12/19ed9d.png]
[i2.wp.com/coffeebean506.files.wordpress.com/2016/12/225e9e.png]
[i2.wp.com/coffeebean506.files.wordpress.com/2016/12/23782b.png]
[i1.wp.com/coffeebean506.files.wordpress.com/2016/12/imagesji52knqc3597.jpg]
[thecoffeebean813.com/wordpress1/home/page/2/index.html]
[i2.wp.com/coffeebean506.files.wordpress.com/2016/12/imagestq2db1gx1350.jpg]
[thecoffeebean813.com/wordpress1/2016/12/03/coffee-keeping-you-beautiful/feed/index.html]
[thecoffeebean813.com/wordpress1/wp-json/oembed/1.0/embed5e32.json]
[thecoffeebean813.com/wordpress1/wp-json/oembed/1.0/embedb652]
[i0.wp.com/coffeebean506.files.wordpress.com/2016/12/178f73.png]
[i2.wp.com/coffeebean506.files.wordpress.com/2016/12/images7monvf5x9bd9.jpg]
[i1.wp.com/coffeebean506.files.wordpress.com/2016/12/19ed9d.png]
[i2.wp.com/coffeebean506.files.wordpress.com/2016/12/imagesk8rlhkic98ce.jpg]
[i1.wp.com/coffeebean506.files.wordpress.com/2016/12/imagesjv0xfriw18f2.jpg]
[i1.wp.com/coffeebean506.files.wordpress.com/2016/12/20dcf3.png]
[i1.wp.com/coffeebean506.files.wordpress.com/2016/12/23782b.png]
[i2.wp.com/coffeebean506.files.wordpress.com/2016/12/imagesgam7s4pf457e.jpg]
[i1.wp.com/coffeebean506.files.wordpress.com/2016/12/imagestq2db1gx1350.jpg]
[thecoffeebean813.com/wordpress1/2016/12/03/coffee-keeping-you-beautiful/index.html]
[thecoffeebean813.com/wordpress1/category/all-things-coffee/index.html]
[i1.wp.com/coffeebean506.files.wordpress.com/2016/12/24782b.png]
[thecoffeebean813.com/wordpress1/tag/coffee/index.html]
[thecoffeebean813.com/wordpress1/category/all-things-coffee/feed/index.html]
[thecoffeebean813.com/wordpress1/tag/coffee/feed/index.html]
[i0.wp.com/coffeebean506.files.wordpress.com/2016/12/225e9e.png]
[thecoffeebean813.com/wordpress1/author/thecoffeebean813/page/2/index.html]
[i1.wp.com/coffeebean506.files.wordpress.com/2016/12/1a584.png]
[i1.wp.com/coffeebean506.files.wordpress.com/2016/12/26226.png]
[thecoffeebean813.com/wordpress1/page/3/index.html]
[i0.wp.com/coffeebean506.files.wordpress.com/2016/12/imagesgam7s4pf457e.jpg]
[thecoffeebean813.com/wordpress1/2016/12/page/2/index.html]
[thecoffeebean813.com/wordpress1/wp-content/plugins/jetpack/_inc/genericons/genericons/Genericons.svg]
[thecoffeebean813.com/wordpress1/ABCDEFGHIJKLMNOPQRSTUVWXYZabcdefghijklmnopqrstuvwxyz0123456789+/index.html]
[thecoffeebean813.com/wordpress1/g.html]
[thecoffeebean813.com/wordpress1/c.html]
[i0.wp.com/coffeebean506.files.wordpress.com/2016/12/26226.png]
[thecoffeebean813.com/wordpress1/home/page/3/index.html]
[thecoffeebean813.com/wordpress1/wp-json/oembed/1.0/embedf9d7.json]
[thecoffeebean813.com/wordpress1/2016/12/03/cooking-with-coffee/feed/index.html]
[thecoffeebean813.com/wordpress1/wp-json/oembed/1.0/embed6e49]
[i2.wp.com/coffeebean506.files.wordpress.com/2016/12/26226.png]
[thecoffeebean813.com/wordpress1/2016/12/03/cooking-with-coffee/index.html]
[i0.wp.com/coffeebean506.files.wordpress.com/2016/12/imagesk8rlhkic98ce.jpg]
[thecoffeebean813.com/wordpress1/category/all-things-coffee/page/2/index.html]
[i0.wp.com/coffeebean506.files.wordpress.com/2016/12/18782b.png]
[thecoffeebean813.com/wordpress1/tag/coffee/page/2/index.html]
[i2.wp.com/coffeebean506.files.wordpress.com/2016/12/imagesjv0xfriw18f2.jpg]
[i0.wp.com/coffeebean506.files.wordpress.com/2016/12/1a584.png]
[thecoffeebean813.com/wordpress1/author/thecoffeebean813/page/3/index.html]
[i2.wp.com/coffeebean506.files.wordpress.com/2016/12/picpt7gcm3cbb.jpg]
[i2.wp.com/coffeebean506.files.wordpress.com/2016/12/wfxztwiyszeax9oqy0rv_thai-iced-coffee20220of204bca6.jpg]
[i1.wp.com/coffeebean506.files.wordpress.com/2016/12/picz1oji36716.jpg]
[i0.wp.com/coffeebean506.files.wordpress.com/2016/12/picjzsrnc6716.jpg]
[i2.wp.com/coffeebean506.files.wordpress.com/2016/12/picoxah3t262e.jpg]
[i1.wp.com/coffeebean506.files.wordpress.com/2016/12/pic19qhyk3a68.jpg]
[i0.wp.com/coffeebean506.files.wordpress.com/2016/12/pictrbih86716.jpg]
[i0.wp.com/coffeebean506.files.wordpress.com/2016/12/pic5ho51r68b9.jpg]
[i0.wp.com/coffeebean506.files.wordpress.com/2016/12/picbmphmwbad2.jpg]
[i1.wp.com/coffeebean506.files.wordpress.com/2016/12/lfkfew7781.jpg]
[i0.wp.com/coffeebean506.files.wordpress.com/2016/12/picelfzkr68de.jpg]
[i0.wp.com/coffeebean506.files.wordpress.com/2016/12/pic6y07ag47b5.jpg]
[i1.wp.com/coffeebean506.files.wordpress.com/2016/12/picrl8oh026e5.jpg]
[i0.wp.com/coffeebean506.files.wordpress.com/2016/12/picslzvaq6716.jpg]
[i2.wp.com/coffeebean506.files.wordpress.com/2016/12/quowey7781.jpg]
[thecoffeebean813.com/wordpress1/page/4/index.html]
[i2.wp.com/coffeebean506.files.wordpress.com/2016/12/1a584.png]
[thecoffeebean813.com/wordpress1/2016/12/page/3/index.html]
[i1.wp.com/coffeebean506.files.wordpress.com/2016/12/picpt7gcm3cbb.jpg]
[i1.wp.com/coffeebean506.files.wordpress.com/2016/12/picjzsrnc6716.jpg]
[i0.wp.com/coffeebean506.files.wordpress.com/2016/12/picoxah3t262e.jpg]
[i2.wp.com/coffeebean506.files.wordpress.com/2016/12/pictrbih86716.jpg]
[i1.wp.com/coffeebean506.files.wordpress.com/2016/12/pic5ho51r68b9.jpg]
[i0.wp.com/coffeebean506.files.wordpress.com/2016/12/lfkfew7781.jpg]
[i2.wp.com/coffeebean506.files.wordpress.com/2016/12/picelfzkr68de.jpg]
[i0.wp.com/coffeebean506.files.wordpress.com/2016/12/picrl8oh026e5.jpg]
[thecoffeebean813.com/wordpress1/home/page/4/index.html]
[i1.wp.com/coffeebean506.files.wordpress.com/2016/12/quowey7781.jpg]
[thecoffeebean813.com/wordpress1/wp-json/oembed/1.0/embedd478.json]
[thecoffeebean813.com/wordpress1/2016/12/03/15-drink-ideas-recipes-thatll-brighten-your-day/feed/index.html]
[thecoffeebean813.com/wordpress1/wp-json/oembed/1.0/embedc0d5]
[i0.wp.com/coffeebean506.files.wordpress.com/2016/12/picpt7gcm3cbb.jpg]
[i1.wp.com/coffeebean506.files.wordpress.com/2016/12/wfxztwiyszeax9oqy0rv_thai-iced-coffee20220of204bca6.jpg]
[i2.wp.com/coffeebean506.files.wordpress.com/2016/12/picz1oji36716.jpg]
[i1.wp.com/coffeebean506.files.wordpress.com/2016/12/pictrbih86716.jpg]
[i2.wp.com/coffeebean506.files.wordpress.com/2016/12/lfkfew7781.jpg]
[i1.wp.com/coffeebean506.files.wordpress.com/2016/12/picelfzkr68de.jpg]
[i1.wp.com/coffeebean506.files.wordpress.com/2016/12/pic6y07ag47b5.jpg]
[i1.wp.com/coffeebean506.files.wordpress.com/2016/12/picslzvaq6716.jpg]
[thecoffeebean813.com/wordpress1/2016/12/03/15-drink-ideas-recipes-thatll-brighten-your-day/index.html]
[thecoffeebean813.com/wordpress1/category/all-things-coffee/page/3/index.html]
[thecoffeebean813.com/wordpress1/tag/coffee/page/3/index.html]
[i2.wp.com/coffeebean506.files.wordpress.com/2016/12/picjzsrnc6716.jpg]
[i0.wp.com/coffeebean506.files.wordpress.com/2016/12/pic19qhyk3a68.jpg]
[i2.wp.com/coffeebean506.files.wordpress.com/2016/12/picbmphmwbad2.jpg]
[i2.wp.com/coffeebean506.files.wordpress.com/2016/12/picrl8oh026e5.jpg]
[i0.wp.com/coffeebean506.files.wordpress.com/2016/12/quowey7781.jpg]
[thecoffeebean813.com/wordpress1/author/thecoffeebean813/page/4/index.html]
[i0.wp.com/coffeebean506.files.wordpress.com/2016/11/15d756.jpg]
[thecoffeebean813.com/wordpress1/page/5/index.html]
[i1.wp.com/coffeebean506.files.wordpress.com/2016/12/picoxah3t262e.jpg]
[thecoffeebean813.com/wordpress1/2016/12/page/4/index.html]
[i2.wp.com/coffeebean506.files.wordpress.com/2016/11/15d756.jpg]
[thecoffeebean813.com/wordpress1/home/page/5/index.html]
[thecoffeebean813.com/wordpress1/wp-json/oembed/1.0/embed2c4a.json]
[thecoffeebean813.com/wordpress1/2016/12/03/can-coffee-help-reduce-risk-of-melanoma/feed/index.html]
[thecoffeebean813.com/wordpress1/wp-json/oembed/1.0/embedc2c5]
[i1.wp.com/coffeebean506.files.wordpress.com/2016/11/15d756.jpg]
[thecoffeebean813.com/wordpress1/2016/12/03/can-coffee-help-reduce-risk-of-melanoma/index.html]
[thecoffeebean813.com/wordpress1/category/all-things-coffee/page/4/index.html]
[i2.wp.com/coffeebean506.files.wordpress.com/2016/12/pic5ho51r68b9.jpg]
[i2.wp.com/coffeebean506.files.wordpress.com/2016/12/pic19qhyk3a68.jpg]
[i2.wp.com/coffeebean506.files.wordpress.com/2016/12/pic6y07ag47b5.jpg]
[thecoffeebean813.com/wordpress1/tag/coffee/page/4/index.html]
[thecoffeebean813.com/wordpress1/author/thecoffeebean813/page/5/index.html]
[i2.wp.com/coffeebean506.files.wordpress.com/2016/11/120e06.jpg]
[thecoffeebean813.com/wordpress1/page/6/index.html]
[thecoffeebean813.com/wordpress1/2016/12/page/5/index.html]
[i0.wp.com/coffeebean506.files.wordpress.com/2016/11/120e06.jpg]
[thecoffeebean813.com/wordpress1/home/page/6/index.html]
[thecoffeebean813.com/wordpress1/wp-json/oembed/1.0/embeda4a8.json]
[thecoffeebean813.com/wordpress1/2016/12/03/12-hacks-every-coffee-drinker-must-know/feed/index.html]
[thecoffeebean813.com/wordpress1/wp-json/oembed/1.0/embed85cf]
[i1.wp.com/coffeebean506.files.wordpress.com/2016/11/120e06.jpg]
[thecoffeebean813.com/wordpress1/2016/12/03/12-hacks-every-coffee-drinker-must-know/index.html]
[thecoffeebean813.com/wordpress1/category/all-things-coffee/page/5/index.html]
[thecoffeebean813.com/wordpress1/tag/coffee/page/5/index.html]
[thecoffeebean813.com/wordpress1/author/thecoffeebean813/page/6/index.html]
[i0.wp.com/coffeebean506.files.wordpress.com/2016/11/imagesm22i53wa84ac.jpg]
[thecoffeebean813.com/wordpress1/page/7/index.html]
[thecoffeebean813.com/wordpress1/2016/12/page/6/index.html]
[i2.wp.com/coffeebean506.files.wordpress.com/2016/11/imagesm22i53wa84ac.jpg]
[thecoffeebean813.com/wordpress1/home/page/7/index.html]
[thecoffeebean813.com/wordpress1/wp-json/oembed/1.0/embedfa79.json]
[thecoffeebean813.com/wordpress1/2016/12/03/can-your-water-affect-the-taste-of-your-coffee/feed/index.html]
[thecoffeebean813.com/wordpress1/wp-json/oembed/1.0/embed5006]
[i1.wp.com/coffeebean506.files.wordpress.com/2016/11/imagesm22i53wa84ac.jpg]
[thecoffeebean813.com/wordpress1/2016/12/03/can-your-water-affect-the-taste-of-your-coffee/index.html]
[thecoffeebean813.com/wordpress1/category/all-things-coffee/page/6/index.html]
[thecoffeebean813.com/wordpress1/tag/coffee/page/6/index.html]
[thecoffeebean813.com/wordpress1/author/thecoffeebean813/page/7/index.html]
[i2.wp.com/coffeebean506.files.wordpress.com/2016/11/11782b.png]
[thecoffeebean813.com/wordpress1/page/8/index.html]
[thecoffeebean813.com/wordpress1/2016/12/page/7/index.html]
[thecoffeebean813.com/wordpress1/home/page/8/index.html]
[thecoffeebean813.com/wordpress1/wp-json/oembed/1.0/embedf0a6.json]
[thecoffeebean813.com/wordpress1/2016/12/03/light-medium-dark-whats-the-difference/feed/index.html]
[thecoffeebean813.com/wordpress1/wp-json/oembed/1.0/embeddb31]
[thecoffeebean813.com/wordpress1/2016/12/03/light-medium-dark-whats-the-difference/index.html]
[thecoffeebean813.com/wordpress1/category/all-things-coffee/page/7/index.html]
[thecoffeebean813.com/wordpress1/tag/coffee/page/7/index.html]
[i0.wp.com/coffeebean506.files.wordpress.com/2016/11/11782b.png]
[thecoffeebean813.com/wordpress1/author/thecoffeebean813/page/8/index.html]
[i1.wp.com/coffeebean506.files.wordpress.com/2016/11/coffeecherriesmaina53e.jpg]
[thecoffeebean813.com/wordpress1/page/9/index.html]
[i1.wp.com/coffeebean506.files.wordpress.com/2016/11/11782b.png]
[thecoffeebean813.com/wordpress1/2016/12/page/8/index.html]
[i2.wp.com/coffeebean506.files.wordpress.com/2016/11/coffeecherriesmaina53e.jpg]
[thecoffeebean813.com/wordpress1/home/page/9/index.html]
[thecoffeebean813.com/wordpress1/wp-json/oembed/1.0/embed87cd.json]
[thecoffeebean813.com/wordpress1/2016/12/03/nature-superfood-coffee-cherries/feed/index.html]
[thecoffeebean813.com/wordpress1/2016/12/03/nature-superfood-coffee-cherries/index.html]
[thecoffeebean813.com/wordpress1/category/all-things-coffee/page/8/index.html]
[thecoffeebean813.com/wordpress1/wp-json/oembed/1.0/embed2a66]
[thecoffeebean813.com/wordpress1/tag/coffee/page/8/index.html]
[thecoffeebean813.com/wordpress1/author/thecoffeebean813/page/9/index.html]
[i2.wp.com/coffeebean506.files.wordpress.com/2016/11/113760.jpg]
[thecoffeebean813.com/wordpress1/page/10/index.html]
[thecoffeebean813.com/wordpress1/2016/12/page/9/index.html]
[i0.wp.com/coffeebean506.files.wordpress.com/2016/11/113760.jpg]
[thecoffeebean813.com/wordpress1/home/page/10/index.html]
[thecoffeebean813.com/wordpress1/wp-json/oembed/1.0/embed581d.json]
[thecoffeebean813.com/wordpress1/2016/12/03/fun-facts-about-coffee/feed/index.html]
[thecoffeebean813.com/wordpress1/wp-json/oembed/1.0/embeddfd2]
[thecoffeebean813.com/wordpress1/2016/12/03/fun-facts-about-coffee/index.html]
[thecoffeebean813.com/wordpress1/category/all-things-coffee/page/9/index.html]
[thecoffeebean813.com/wordpress1/tag/coffee/page/9/index.html]
[thecoffeebean813.com/wordpress1/author/thecoffeebean813/page/10/index.html]
[i2.wp.com/coffeebean506.files.wordpress.com/2016/11/10a682.jpg]
[thecoffeebean813.com/wordpress1/page/11/index.html]
[thecoffeebean813.com/wordpress1/2016/12/page/10/index.html]
[i0.wp.com/coffeebean506.files.wordpress.com/2016/11/10a682.jpg]
[thecoffeebean813.com/wordpress1/home/page/11/index.html]
[thecoffeebean813.com/wordpress1/wp-json/oembed/1.0/embed1a73.json]
[thecoffeebean813.com/wordpress1/2016/12/03/13-health-benefits-of-coffee/feed/index.html]
[thecoffeebean813.com/wordpress1/wp-json/oembed/1.0/embedec7a]
[thecoffeebean813.com/wordpress1/2016/12/03/13-health-benefits-of-coffee/index.html]
[i1.wp.com/coffeebean506.files.wordpress.com/2016/11/113760.jpg]
[thecoffeebean813.com/wordpress1/category/all-things-coffee/page/10/index.html]
[thecoffeebean813.com/wordpress1/tag/coffee/page/10/index.html]
[thecoffeebean813.com/wordpress1/author/thecoffeebean813/page/11/index.html]
[i1.wp.com/coffeebean506.files.wordpress.com/2016/11/enhanced-buzz-17999-1411655088-15711e.jpg]
[i2.wp.com/coffeebean506.files.wordpress.com/2016/11/enhanced-buzz-3014-1411656269-217a12.jpg]
[i1.wp.com/coffeebean506.files.wordpress.com/2016/11/enhanced-buzz-8580-1411657401-146813.jpg]
[i2.wp.com/coffeebean506.files.wordpress.com/2016/11/enhanced-buzz-19617-1411658722-476813.jpg]
[i2.wp.com/coffeebean506.files.wordpress.com/2016/11/enhanced-buzz-6807-1411663026-86813.jpg]
[i2.wp.com/coffeebean506.files.wordpress.com/2016/11/enhanced-buzz-28939-1411661041-23b052.jpg]
[i2.wp.com/coffeebean506.files.wordpress.com/2016/11/enhanced-26160-1411662206-21b27a.jpg]
[i1.wp.com/coffeebean506.files.wordpress.com/2016/11/enhanced-buzz-1108-1411663736-276813.jpg]
[i1.wp.com/coffeebean506.files.wordpress.com/2016/11/enhanced-buzz-25481-1411661970-34e4a8.jpg]
[i2.wp.com/coffeebean506.files.wordpress.com/2016/11/enhanced-11691-1411664220-1711e.jpg]
[thecoffeebean813.com/wordpress1/page/12/index.html]
[i1.wp.com/coffeebean506.files.wordpress.com/2016/11/10a682.jpg]
[thecoffeebean813.com/wordpress1/2016/12/page/11/index.html]
[i0.wp.com/coffeebean506.files.wordpress.com/2016/11/enhanced-buzz-17999-1411655088-15711e.jpg]
[i1.wp.com/coffeebean506.files.wordpress.com/2016/11/enhanced-buzz-3014-1411656269-217a12.jpg]
[i0.wp.com/coffeebean506.files.wordpress.com/2016/11/enhanced-buzz-8580-1411657401-146813.jpg]
[i0.wp.com/coffeebean506.files.wordpress.com/2016/11/enhanced-buzz-6807-1411663026-86813.jpg]
[i0.wp.com/coffeebean506.files.wordpress.com/2016/11/enhanced-buzz-28939-1411661041-23b052.jpg]
[i1.wp.com/coffeebean506.files.wordpress.com/2016/11/enhanced-26160-1411662206-21b27a.jpg]
[i2.wp.com/coffeebean506.files.wordpress.com/2016/11/enhanced-buzz-1108-1411663736-276813.jpg]
[i2.wp.com/coffeebean506.files.wordpress.com/2016/11/enhanced-buzz-25481-1411661970-34e4a8.jpg]
[i0.wp.com/coffeebean506.files.wordpress.com/2016/11/enhanced-11691-1411664220-1711e.jpg]
[thecoffeebean813.com/wordpress1/home/page/12/index.html]
[thecoffeebean813.com/wordpress1/wp-json/oembed/1.0/embede089.json]
[thecoffeebean813.com/wordpress1/2016/12/03/10-ways-you-can-reuse-your-coffee-grounds/feed/index.html]
[thecoffeebean813.com/wordpress1/wp-json/oembed/1.0/embed39ab]
[i0.wp.com/coffeebean506.files.wordpress.com/2016/11/enhanced-buzz-3014-1411656269-217a12.jpg]
[i1.wp.com/coffeebean506.files.wordpress.com/2016/11/enhanced-buzz-19617-1411658722-476813.jpg]
[i0.wp.com/coffeebean506.files.wordpress.com/2016/11/enhanced-26160-1411662206-21b27a.jpg]
[i0.wp.com/coffeebean506.files.wordpress.com/2016/11/enhanced-buzz-1108-1411663736-276813.jpg]
[i0.wp.com/coffeebean506.files.wordpress.com/2016/11/enhanced-buzz-25481-1411661970-34e4a8.jpg]
[thecoffeebean813.com/wordpress1/2016/12/03/10-ways-you-can-reuse-your-coffee-grounds/index.html]
[thecoffeebean813.com/wordpress1/category/all-things-coffee/page/11/index.html]
[thecoffeebean813.com/wordpress1/tag/coffee/page/11/index.html]
[i1.wp.com/coffeebean506.files.wordpress.com/2016/11/enhanced-buzz-28939-1411661041-23b052.jpg]
[thecoffeebean813.com/wordpress1/author/thecoffeebean813/page/12/index.html]
[i1.wp.com/coffeebean506.files.wordpress.com/2016/11/10ca18.png]
[thecoffeebean813.com/wordpress1/page/13/index.html]
[i1.wp.com/coffeebean506.files.wordpress.com/2016/11/enhanced-11691-1411664220-1711e.jpg]
[thecoffeebean813.com/wordpress1/2016/12/page/12/index.html]
[thecoffeebean813.com/wordpress1/home/page/13/index.html]
[thecoffeebean813.com/wordpress1/wp-json/oembed/1.0/embeda39c.json]
[thecoffeebean813.com/wordpress1/2016/12/03/depression-coffee/feed/index.html]
[thecoffeebean813.com/wordpress1/wp-json/oembed/1.0/embed5823]
[thecoffeebean813.com/wordpress1/2016/12/03/depression-coffee/index.html]
[i1.wp.com/coffeebean506.files.wordpress.com/2016/11/enhanced-buzz-6807-1411663026-86813.jpg]
[thecoffeebean813.com/wordpress1/category/all-things-coffee/page/12/index.html]
[i2.wp.com/coffeebean506.files.wordpress.com/2016/11/enhanced-buzz-8580-1411657401-146813.jpg]
[thecoffeebean813.com/wordpress1/tag/coffee/page/12/index.html]
[i0.wp.com/coffeebean506.files.wordpress.com/2016/11/10ca18.png]
[thecoffeebean813.com/wordpress1/author/thecoffeebean813/page/13/index.html]
[i0.wp.com/coffeebean506.files.wordpress.com/2016/11/imagesboo6mweeefee.jpg]
[thecoffeebean813.com/wordpress1/page/14/index.html]
[i2.wp.com/coffeebean506.files.wordpress.com/2016/11/10ca18.png]
[thecoffeebean813.com/wordpress1/2016/12/page/13/index.html]
[thecoffeebean813.com/wordpress1/home/page/14/index.html]
[thecoffeebean813.com/wordpress1/wp-json/oembed/1.0/embedf5cc.json]
[thecoffeebean813.com/wordpress1/2016/12/03/is-coffee-saving-lives/feed/index.html]
[thecoffeebean813.com/wordpress1/2016/12/03/is-coffee-saving-lives/index.html]
[thecoffeebean813.com/wordpress1/category/all-things-coffee/page/13/index.html]
[thecoffeebean813.com/wordpress1/wp-json/oembed/1.0/embeda43b]
[thecoffeebean813.com/wordpress1/tag/coffee/page/13/index.html]
[i1.wp.com/coffeebean506.files.wordpress.com/2016/11/imagesboo6mweeefee.jpg]
[thecoffeebean813.com/wordpress1/author/thecoffeebean813/page/14/index.html]
[i0.wp.com/coffeebean506.files.wordpress.com/2016/11/5c2ce.png]
[thecoffeebean813.com/wordpress1/page/15/index.html]
[i2.wp.com/coffeebean506.files.wordpress.com/2016/11/imagesboo6mweeefee.jpg]
[thecoffeebean813.com/wordpress1/2016/12/page/14/index.html]
[i2.wp.com/coffeebean506.files.wordpress.com/2016/11/5c2ce.png]
[thecoffeebean813.com/wordpress1/home/page/15/index.html]
[thecoffeebean813.com/wordpress1/wp-json/oembed/1.0/embed0955.json]
[thecoffeebean813.com/wordpress1/2016/12/03/coffee-the-liver/feed/index.html]
[thecoffeebean813.com/wordpress1/wp-json/oembed/1.0/embed72ab]
[thecoffeebean813.com/wordpress1/2016/12/03/coffee-the-liver/index.html]
[thecoffeebean813.com/wordpress1/category/all-things-coffee/page/14/index.html]
[thecoffeebean813.com/wordpress1/tag/coffee/page/14/index.html]
[thecoffeebean813.com/wordpress1/author/thecoffeebean813/page/15/index.html]
[i2.wp.com/thecoffeebean813.com/wordpress1/wp-content/uploads/2016/12/images16SNJDPUaa12.jpg]
[thecoffeebean813.com/wordpress1/page/16/index.html]
[thecoffeebean813.com/wordpress1/2016/12/page/15/index.html]
[i0.wp.com/thecoffeebean813.com/wordpress1/wp-content/uploads/2016/12/images16SNJDPUaa12.jpg]
[thecoffeebean813.com/wordpress1/home/page/16/index.html]
[thecoffeebean813.com/wordpress1/wp-json/oembed/1.0/embedbfce.json]
[thecoffeebean813.com/wordpress1/2016/12/03/coffee-the-heart/feed/index.html]
[thecoffeebean813.com/wordpress1/wp-json/oembed/1.0/embedbd96]
[thecoffeebean813.com/wordpress1/2016/12/03/coffee-the-heart/index.html]
[i1.wp.com/coffeebean506.files.wordpress.com/2016/11/5c2ce.png]
[thecoffeebean813.com/wordpress1/category/all-things-coffee/page/15/index.html]
[thecoffeebean813.com/wordpress1/tag/coffee/page/15/index.html]
[i1.wp.com/thecoffeebean813.com/wordpress1/wp-content/uploads/2016/12/images16SNJDPUaa12.jpg]
[thecoffeebean813.com/wordpress1/author/thecoffeebean813/page/16/index.html]
[i0.wp.com/coffeebean506.files.wordpress.com/2016/11/imagesnk6hla4va24d.jpg]
[i0.wp.com/coffeebean506.files.wordpress.com/2016/11/46226.png]
[thecoffeebean813.com/wordpress1/page/17/index.html]
[thecoffeebean813.com/wordpress1/2016/12/page/16/index.html]
[i1.wp.com/coffeebean506.files.wordpress.com/2016/11/imagesnk6hla4va24d.jpg]
[thecoffeebean813.com/wordpress1/home/page/17/index.html]
[thecoffeebean813.com/wordpress1/wp-json/oembed/1.0/embeda4fc.json]
[thecoffeebean813.com/wordpress1/wp-json/oembed/1.0/embed6671]
[i2.wp.com/coffeebean506.files.wordpress.com/2016/11/imagesnk6hla4va24d.jpg]
[thecoffeebean813.com/wordpress1/2016/12/03/hello-world/index.html]
[thecoffeebean813.com/wordpress1/2016/12/03/hello-world/feed/index.html]
[thecoffeebean813.com/wordpress1/category/all-things-coffee/page/16/index.html]
[thecoffeebean813.com/wordpress1/tag/coffee/page/16/index.html]
[i1.wp.com/coffeebean506.files.wordpress.com/2016/11/46226.png]
[thecoffeebean813.com/wordpress1/author/thecoffeebean813/page/17/index.html]
[thecoffeebean813.com/wordpress1/2016/12/page/17/index.html]
[thecoffeebean813.com/wordpress1/category/all-things-coffee/page/17/index.html]
