[coffeebean506.wordpress.com/index.html]
[backblue.gif]
[fade.gif]
[index.html]
[s1.wp.com/wp-content/plugins/custom-fonts/js/webfont.js]
[coffeebean506.wordpress.com/feed/index.html]
[s0.wp.com/wp-content/mu-plugins/global-print/global-print6805.css]
[s1.wp.com/wp-content/mu-plugins/highlander-comments/style0196.css]
[coffeebean506.wordpress.com/xmlrpc0db0.php]
[coffeebean506.wordpress.com/comments/feed/index.html]
[coffeebean506.wordpress.com/osd.xml]
[coffeebean506.files.wordpress.com/2016/11/cropped-imagesil0oh7cm1.jpg]
[coffeebean506.files.wordpress.com/2016/11/imagesil0oh7cm7d76.jpg]
[coffeebean506.files.wordpress.com/2016/11/images16snjdpu6398.jpg]
[assets.pinterest.com/images/pidgets/pinit_fg_en_rect_gray_20.png]
[coffeebean506.wordpress.com/about/index.html]
[coffeebean506.wordpress.com/contact/index.html]
[platform.tumblr.com/v1/share_2.png]
[coffeebean506.wordpress.com/2016/11/21/first-blog-post/index.html]
[coffeebean506.wordpress.com/2016/12/02/cooking-with-coffee-recipe-of-the-day/index.html]
[coffeebean506.files.wordpress.com/2016/12/246398.png]
[coffeebean506.wordpress.com/author/coffeebean506/index.html]
[coffeebean506.wordpress.com/2016/12/02/coffee-keeping-you-beautiful/index.html]
[coffeebean506.files.wordpress.com/2016/12/176398.png]
[coffeebean506.files.wordpress.com/2016/12/images7monvf5x6398.jpg]
[coffeebean506.files.wordpress.com/2016/12/186398.png]
[coffeebean506.files.wordpress.com/2016/12/196398.png]
[coffeebean506.files.wordpress.com/2016/12/imagesk8rlhkic6398.jpg]
[coffeebean506.files.wordpress.com/2016/12/imagesjv0xfriw6398.jpg]
[coffeebean506.files.wordpress.com/2016/12/206398.png]
[coffeebean506.files.wordpress.com/2016/12/226398.png]
[coffeebean506.files.wordpress.com/2016/12/236398.png]
[coffeebean506.files.wordpress.com/2016/12/imagesgam7s4pf6398.jpg]
[coffeebean506.files.wordpress.com/2016/12/imagesji52knqc6398.jpg]
[coffeebean506.files.wordpress.com/2016/12/imagestq2db1gx6398.jpg]
[coffeebean506.files.wordpress.com/2016/12/16398.png]
[coffeebean506.wordpress.com/2016/12/02/cooking-with-coffee/index.html]
[coffeebean506.files.wordpress.com/2016/12/26398.png]
[coffeebean506.files.wordpress.com/2016/12/picpt7gcm6398.jpg]
[coffeebean506.wordpress.com/2016/12/01/15-drink-ideas-recipes-thatll-brighten-your-day/index.html]
[coffeebean506.files.wordpress.com/2016/12/wfxztwiyszeax9oqy0rv_thai-iced-coffee20220of2046398.jpg]
[coffeebean506.files.wordpress.com/2016/12/picz1oji36398.jpg]
[coffeebean506.files.wordpress.com/2016/12/picjzsrnc6398.jpg]
[coffeebean506.files.wordpress.com/2016/12/picoxah3t6398.jpg]
[coffeebean506.files.wordpress.com/2016/12/pic19qhyk6398.jpg]
[coffeebean506.files.wordpress.com/2016/12/pictrbih86398.jpg]
[coffeebean506.files.wordpress.com/2016/12/pic5ho51r6398.jpg]
[coffeebean506.files.wordpress.com/2016/12/picbmphmw6398.jpg]
[coffeebean506.files.wordpress.com/2016/12/lfkfew6398.jpg]
[coffeebean506.files.wordpress.com/2016/12/picelfzkr6398.jpg]
[coffeebean506.files.wordpress.com/2016/12/pic6y07ag6398.jpg]
[coffeebean506.files.wordpress.com/2016/12/picrl8oh06398.jpg]
[coffeebean506.files.wordpress.com/2016/12/picslzvaq6398.jpg]
[coffeebean506.files.wordpress.com/2016/12/quowey6398.jpg]
[coffeebean506.files.wordpress.com/2016/11/156398.jpg]
[coffeebean506.files.wordpress.com/2016/11/126398.jpg]
[coffeebean506.wordpress.com/2016/11/30/can-coffee-help-reduce-risk-of-melanoma/index.html]
[coffeebean506.files.wordpress.com/2016/11/imagesm22i53wa6398.jpg]
[coffeebean506.wordpress.com/2016/11/28/can-your-water-affect-the-taste-of-your-coffee/index.html]
[coffeebean506.wordpress.com/2016/11/30/12-hacks-every-coffee-drinker-must-know/index.html]
[coffeebean506.files.wordpress.com/2016/11/116398.png]
[coffeebean506.wordpress.com/2016/11/28/light-medium-dark-whats-the-difference/index.html]
[coffeebean506.wordpress.com/2016/11/26/natures-superfood-coffee-fruit/index.html]
[coffeebean506.files.wordpress.com/2016/11/coffeecherriesmain6398.jpg]
[coffeebean506.files.wordpress.com/2016/11/116398.jpg]
[widgets.wp.com/platform.js]
[0.gravatar.com/js/gprofiles88e1.js]
[coffeebean506.wordpress.com/2016/11/25/fun-facts-about-coffee/index.html]
[coffeebean506.wordpress.com/page/2/index.html]
[s1.wp.com/wp-content/mu-plugins/gravatar-hovercards/wpgrohoc3b6.js]
[coffeebean506.wordpress.com/2016/12/index.html]
[coffeebean506.wordpress.com/2016/11/index.html]
[s2.wp.com/_static/index1575.html]
[botd2.wordpress.com/botd8744.gif]
[apis.google.com/js/plusone.js]
[platform.tumblr.com/v1/share.js]
[s0.wp.com/wp-content/mu-plugins/carousel/jetpack-carousel8aea.css]
[s1.wp.com/wp-content/mu-plugins/tiled-gallery/tiled-galleryf830.css]
[platform.twitter.com/widgets4443.js]
[coffeebean506.wordpress.com/wp-content/plugins/ie-sitemode/custom-jumplist.php]
[s.skimresources.com/js/725X1342.skimlinks.js]
[stats.wp.com/wb53b.js]
[pixel.wp.com/b0b80.gif]
[coffeebean506.wordpress.com/index.html]
[coffeebean506.wordpress.com/xmlrpc.php]
[s1.wp.com/wp-content/plugins/custom-fonts/js/webfont.js]
[s0.wp.com/wp-content/mu-plugins/global-print/global-print6805.css]
[s1.wp.com/wp-content/mu-plugins/post-flair/sharing/images/icon-wordpress.png]
[s1.wp.com/wp-content/mu-plugins/post-flair/sharing/images/icon-twitter.png]
[s1.wp.com/wp-content/mu-plugins/post-flair/sharing/images/icon-facebook.png]
[s1.wp.com/wp-content/mu-plugins/post-flair/sharing/images/googleplus1.png]
[s1.wp.com/wp-content/mu-plugins/post-flair/sharing/images/icon-wordpress-2x.png]
[s1.wp.com/wp-content/mu-plugins/post-flair/sharing/images/icon-twitter-2x.png]
[s1.wp.com/wp-content/mu-plugins/post-flair/sharing/images/icon-facebook-2x.png]
[s1.wp.com/wp-content/mu-plugins/post-flair/sharing/images/googleplus1@2x.png]
[s1.wp.com/wp-content/mu-plugins/highlander-comments/images/postto-buttons.png]
[s1.wp.com/wp-content/mu-plugins/highlander-comments/images/button-back.gif]
[s1.wp.com/wp-content/mu-plugins/highlander-comments/images/button-back-over.gif]
[s1.wp.com/wp-content/mu-plugins/highlander-comments/images/loader.gif]
[s1.wp.com/wp-content/mu-plugins/highlander-comments/style0196.css]
[coffeebean506.wordpress.com/about/index.html]
[coffeebean506.wordpress.com/contact/index.html]
[s0.wp.com/wp-content/mu-plugins/grunion-contact-form/css/grunion3601.css]
[coffeebean506.files.wordpress.com/2016/11/imagesil0oh7cma4fd.jpg]
[coffeebean506.wordpress.com/2016/11/21/first-blog-post/amp/index.html]
[coffeebean506.wordpress.com/2016/11/23/where-does-coffee-grow/index.html]
[coffeebean506.wordpress.com/category/coffee-heart-health/index.html]
[coffeebean506.wordpress.com/2016/11/21/first-blog-post/index.html]
[coffeebean506.wordpress.com/author/coffeebean506/index.html]
[s1.wp.com/wp-content/mu-plugins/akismet-3.0/_inc/formcd10.js]
[coffeebean506.wordpress.com/author/coffeebean506/feed/index.html]
[coffeebean506.wordpress.com/author/coffeebean506/page/2/index.html]
[coffeebean506.wordpress.com/2016/11/21/first-blog-post/feed/index.html]
[botd2.wordpress.com/botdbfd7.gif]
[coffeebean506.wordpress.com/2016/12/02/cooking-with-coffee-recipe-of-the-day/index.html]
[coffeebean506.wordpress.com/2016/12/02/cooking-with-coffee-recipe-of-the-day/amp/index.html]
[coffeebean506.wordpress.com/category/coffee-depression/index.html]
[coffeebean506.wordpress.com/category/all-things-coffee/index.html]
[coffeebean506.wordpress.com/2016/12/02/cooking-with-coffee-recipe-of-the-day/feed/index.html]
[botd2.wordpress.com/botdbad2.gif]
[coffeebean506.wordpress.com/2016/12/02/coffee-keeping-you-beautiful/index.html]
[coffeebean506.wordpress.com/2016/12/02/coffee-keeping-you-beautiful/feed/index.html]
[botd2.wordpress.com/botd4d3d.gif]
[coffeebean506.wordpress.com/2016/12/02/cooking-with-coffee/index.html]
[coffeebean506.wordpress.com/2016/12/02/cooking-with-coffee/feed/index.html]
[coffeebean506.wordpress.com/2016/12/02/cooking-with-coffee/amp/index.html]
[botd2.wordpress.com/botda8ea.gif]
[coffeebean506.wordpress.com/2016/12/01/15-drink-ideas-recipes-thatll-brighten-your-day/index.html]
[coffeebean506.wordpress.com/2016/12/02/coffee-keeping-you-beautiful/amp/index.html]
[coffeebean506.wordpress.com/2016/12/01/15-drink-ideas-recipes-thatll-brighten-your-day/amp/index.html]
[coffeebean506.wordpress.com/2016/12/01/15-drink-ideas-recipes-thatll-brighten-your-day/feed/index.html]
[coffeebean506.wordpress.com/2016/11/30/can-coffee-help-reduce-risk-of-melanoma/feed/index.html]
[botd2.wordpress.com/botd518a.gif]
[coffeebean506.wordpress.com/2016/11/30/can-coffee-help-reduce-risk-of-melanoma/index.html]
[coffeebean506.wordpress.com/2016/11/30/can-coffee-help-reduce-risk-of-melanoma/amp/index.html]
[botd2.wordpress.com/botd38cc.gif]
[coffeebean506.wordpress.com/2016/11/30/12-hacks-every-coffee-drinker-must-know/index.html]
[coffeebean506.wordpress.com/2016/11/30/12-hacks-every-coffee-drinker-must-know/feed/index.html]
[coffeebean506.wordpress.com/2016/11/30/12-hacks-every-coffee-drinker-must-know/amp/index.html]
[coffeebean506.wordpress.com/2016/11/30/12-hacks-every-coffee-drinker-must-know/index4cf0.html]
[coffeebean506.wordpress.com/2016/11/30/12-hacks-every-coffee-drinker-must-know/index8e42.html]
[coffeebean506.wordpress.com/2016/11/28/can-your-water-affect-the-taste-of-your-coffee/amp/index.html]
[coffeebean506.wordpress.com/2016/11/28/can-your-water-affect-the-taste-of-your-coffee/feed/index.html]
[coffeebean506.wordpress.com/category/uncategorized/index.html]
[botd2.wordpress.com/botda983.gif]
[coffeebean506.wordpress.com/2016/11/28/can-your-water-affect-the-taste-of-your-coffee/index.html]
[botd2.wordpress.com/botdccbd.gif]
[coffeebean506.wordpress.com/2016/11/28/light-medium-dark-whats-the-difference/index.html]
[coffeebean506.wordpress.com/2016/11/28/light-medium-dark-whats-the-difference/amp/index.html]
[coffeebean506.wordpress.com/2016/11/28/light-medium-dark-whats-the-difference/feed/index.html]
[coffeebean506.wordpress.com/2016/11/26/natures-superfood-coffee-fruit/feed/index.html]
[botd2.wordpress.com/botd8e72.gif]
[coffeebean506.wordpress.com/2016/11/26/natures-superfood-coffee-fruit/index.html]
[coffeebean506.wordpress.com/2016/11/26/natures-superfood-coffee-fruit/amp/index.html]
[coffeebean506.wordpress.com/2016/11/25/fun-facts-about-coffee/feed/index.html]
[botd2.wordpress.com/botd1cff.gif]
[coffeebean506.wordpress.com/2016/11/25/fun-facts-about-coffee/index.html]
[coffeebean506.wordpress.com/2016/11/24/13-health-benefits-of-coffee/index.html]
[coffeebean506.wordpress.com/2016/11/25/fun-facts-about-coffee/amp/index.html]
[coffeebean506.files.wordpress.com/2016/11/106398.jpg]
[coffeebean506.wordpress.com/2016/11/24/10-ways-you-can-reuse-your-coffee-grounds/index.html]
[coffeebean506.files.wordpress.com/2016/11/enhanced-buzz-17999-1411655088-156398.jpg]
[coffeebean506.files.wordpress.com/2016/11/enhanced-buzz-3014-1411656269-216398.jpg]
[coffeebean506.files.wordpress.com/2016/11/enhanced-buzz-8580-1411657401-146398.jpg]
[coffeebean506.files.wordpress.com/2016/11/enhanced-buzz-19617-1411658722-476398.jpg]
[coffeebean506.files.wordpress.com/2016/11/enhanced-buzz-6807-1411663026-86398.jpg]
[coffeebean506.files.wordpress.com/2016/11/enhanced-buzz-28939-1411661041-236398.jpg]
[coffeebean506.files.wordpress.com/2016/11/enhanced-26160-1411662206-216398.jpg]
[coffeebean506.files.wordpress.com/2016/11/enhanced-buzz-1108-1411663736-276398.jpg]
[coffeebean506.files.wordpress.com/2016/11/enhanced-buzz-25481-1411661970-346398.jpg]
[coffeebean506.files.wordpress.com/2016/11/enhanced-11691-1411664220-16398.jpg]
[coffeebean506.files.wordpress.com/2016/11/106398.png]
[coffeebean506.wordpress.com/2016/11/24/coffee-depression-is-coffee-the-new-antidepressant/index.html]
[coffeebean506.files.wordpress.com/2016/11/imagesboo6mwee6398.jpg]
[coffeebean506.wordpress.com/2016/11/23/is-coffee-saving-lives/index.html]
[coffeebean506.files.wordpress.com/2016/11/56398.png]
[coffeebean506.wordpress.com/2016/11/23/coffee-the-liver/index.html]
[coffeebean506.files.wordpress.com/2016/11/imagesnk6hla4v6398.jpg]
[coffeebean506.files.wordpress.com/2016/11/46398.png]
[botd2.wordpress.com/botd58ff.gif]
[coffeebean506.wordpress.com/page/2/index.html]
[widgets.wp.com/timeline/index.html]
[widgets.wp.com/platform.js]
[coffeebean506.wordpress.com/2016/12/index.html]
[coffeebean506.wordpress.com/2016/11/index.html]
[widgets.wp.com/follow/index.html]
[coffeebean506.wordpress.com/ABCDEFGHIJKLMNOPQRSTUVWXYZabcdefghijklmnopqrstuvwxyz0123456789+/index.html]
[coffeebean506.wordpress.com/2016/11/page/2/index.html]
[pixel.wp.com/g9818.gif]
[0.gravatar.com/js/gprofiles88e1.js]
[s1.wp.com/wp-content/mu-plugins/gravatar-hovercards/wpgrohoc3b6.js]
[s2.wp.com/_static/index1575.html]
[s0.wp.com/wp-content/mu-plugins/carousel/images/arrows.png]
[s0.wp.com/wp-content/mu-plugins/carousel/images/arrows-2x.png]
[s0.wp.com/wp-content/mu-plugins/carousel/images/carousel-spritee4da.png]
[s0.wp.com/wp-content/mu-plugins/carousel/images/carousel-sprite-2xe4da.png]
[s0.wp.com/wp-content/mu-plugins/carousel/jetpack-carousel8aea.css]
[s1.wp.com/wp-content/mu-plugins/tiled-gallery/tiled-galleryf830.css]
[pixel.wp.com/t.gif]
[stats.wp.com/wb53b.js]
[s0.wp.com/wp-content/mu-plugins/grunion-contact-form/css/grunion3601.css]
[coffeebean506.wordpress.com/2016/11/23/where-does-coffee-grow/index.html]
[coffeebean506.files.wordpress.com/2016/11/images16snjdpu.jpg]
[coffeebean506.wordpress.com/2016/11/23/where-does-coffee-grow/amp/index.html]
[coffeebean506.files.wordpress.com/2016/11/images16snjdpud209.jpg]
[cdn.ampproject.org/v0.js]
[coffeebean506.wordpress.com/2016/11/23/where-does-coffee-grow/feed/index.html]
[s2.wp.com/wp-content/plugins/amp/assets/images/placeholder-icon.png]
[pixel.wp.com/bfb9f.gif]
[pixel.wp.com/b37d7.gif]
[coffeebean506.wordpress.com/2016/11/21/first-blog-post/amp/index.html]
[coffeebean506.wordpress.com/category/coffee-heart-health/index.html]
[s1.wp.com/wp-content/mu-plugins/akismet-3.0/_inc/formcd10.js]
[coffeebean506.wordpress.com/author/coffeebean506/page/2/index.html]
[coffeebean506.files.wordpress.com/2016/12/24.png]
[coffeebean506.wordpress.com/category/coffee-heart-health/feed/index.html]
[coffeebean506.files.wordpress.com/2016/12/24d209.png]
[pixel.wp.com/b6e7d.gif]
[pixel.wp.com/bcb26.gif]
[coffeebean506.wordpress.com/2016/12/02/cooking-with-coffee-recipe-of-the-day/amp/index.html]
[coffeebean506.wordpress.com/category/all-things-coffee/index.html]
[coffeebean506.wordpress.com/category/coffee-depression/index.html]
[coffeebean506.files.wordpress.com/2016/12/imagesgam7s4pf.jpg]
[coffeebean506.wordpress.com/category/coffee-depression/feed/index.html]
[coffeebean506.files.wordpress.com/2016/12/17d209.png]
[coffeebean506.wordpress.com/category/all-things-coffee/feed/index.html]
[coffeebean506.wordpress.com/category/all-things-coffee/page/2/index.html]
[pixel.wp.com/b54e0.gif]
[pixel.wp.com/b20f7.gif]
[coffeebean506.wordpress.com/2016/12/02/coffee-keeping-you-beautiful/amp/index.html]
[coffeebean506.files.wordpress.com/2016/12/2.png]
[coffeebean506.files.wordpress.com/2016/12/1d209.png]
[pixel.wp.com/b966b.gif]
[pixel.wp.com/be4a7.gif]
[coffeebean506.wordpress.com/2016/12/02/cooking-with-coffee/amp/index.html]
[coffeebean506.files.wordpress.com/2016/12/picelfzkr.jpg]
[coffeebean506.files.wordpress.com/2016/12/picpt7gcmd209.jpg]
[pixel.wp.com/b339d.gif]
[pixel.wp.com/b06b9.gif]
[coffeebean506.wordpress.com/2016/12/01/15-drink-ideas-recipes-thatll-brighten-your-day/amp/index.html]
[botd.wordpress.com/botd0398.html]
[coffeebean506.files.wordpress.com/2016/11/15.jpg]
[coffeebean506.files.wordpress.com/2016/11/15d209.jpg]
[pixel.wp.com/b0163.gif]
[pixel.wp.com/b8742.gif]
[coffeebean506.wordpress.com/2016/11/30/can-coffee-help-reduce-risk-of-melanoma/amp/index.html]
[coffeebean506.files.wordpress.com/2016/11/12.jpg]
[coffeebean506.files.wordpress.com/2016/11/12d209.jpg]
[pixel.wp.com/bb0d5.gif]
[pixel.wp.com/b4908.gif]
[coffeebean506.wordpress.com/2016/11/30/12-hacks-every-coffee-drinker-must-know/amp/index.html]
[coffeebean506.wordpress.com/2016/11/30/12-hacks-every-coffee-drinker-must-know/index4cf0.html]
[coffeebean506.wordpress.com/2016/11/30/12-hacks-every-coffee-drinker-must-know/index8e42.html]
[coffeebean506.files.wordpress.com/2016/11/imagesm22i53wad209.jpg]
[pixel.wp.com/b126d.gif]
[pixel.wp.com/bdc22.gif]
[coffeebean506.wordpress.com/2016/11/28/can-your-water-affect-the-taste-of-your-coffee/amp/index.html]
[coffeebean506.wordpress.com/category/uncategorized/index.html]
[botd.wordpress.com/botd15e7.html]
[coffeebean506.files.wordpress.com/2016/11/11.png]
[coffeebean506.wordpress.com/category/uncategorized/feed/index.html]
[coffeebean506.files.wordpress.com/2016/11/11d209.png]
[pixel.wp.com/bcbb2.gif]
[pixel.wp.com/be65e.gif]
[coffeebean506.wordpress.com/2016/11/28/light-medium-dark-whats-the-difference/amp/index.html]
[coffeebean506.files.wordpress.com/2016/11/coffeecherriesmain.jpg]
[coffeebean506.files.wordpress.com/2016/11/coffeecherriesmaind209.jpg]
[pixel.wp.com/b03e6.gif]
[pixel.wp.com/ba1f4.gif]
[coffeebean506.wordpress.com/2016/11/26/natures-superfood-coffee-fruit/amp/index.html]
[botd.wordpress.com/botd8875.html]
[botd2.wordpress.com/botd19a1.gif]
[coffeebean506.wordpress.com/2016/11/24/13-health-benefits-of-coffee/index.html]
[coffeebean506.wordpress.com/2016/11/24/13-health-benefits-of-coffee/amp/index.html]
[coffeebean506.files.wordpress.com/2016/11/11.jpg]
[coffeebean506.wordpress.com/2016/11/24/13-health-benefits-of-coffee/feed/index.html]
[coffeebean506.files.wordpress.com/2016/11/11d209.jpg]
[pixel.wp.com/b118e.gif]
[pixel.wp.com/b50c7.gif]
[coffeebean506.wordpress.com/2016/11/25/fun-facts-about-coffee/amp/index.html]
[botd.wordpress.com/botdebcf.html]
[botd2.wordpress.com/botda3c8.gif]
[coffeebean506.wordpress.com/2016/11/24/10-ways-you-can-reuse-your-coffee-grounds/index.html]
[coffeebean506.wordpress.com/2016/11/24/coffee-depression-is-coffee-the-new-antidepressant/index.html]
[coffeebean506.wordpress.com/2016/11/24/10-ways-you-can-reuse-your-coffee-grounds/amp/index.html]
[coffeebean506.wordpress.com/2016/11/24/coffee-depression-is-coffee-the-new-antidepressant/amp/index.html]
[coffeebean506.wordpress.com/2016/11/23/is-coffee-saving-lives/index.html]
[coffeebean506.wordpress.com/2016/11/24/10-ways-you-can-reuse-your-coffee-grounds/feed/index.html]
[coffeebean506.wordpress.com/2016/11/23/is-coffee-saving-lives/amp/index.html]
[coffeebean506.wordpress.com/2016/11/23/coffee-the-liver/index.html]
[coffeebean506.wordpress.com/2016/11/24/coffee-depression-is-coffee-the-new-antidepressant/feed/index.html]
[s0.wp.com/wp-includes/js/jquery/jquery.js]
[s0.wp.com/wp-content/js/jed/jed.js]
[coffeebean506.wordpress.com/2016/11/23/coffee-the-liver/amp/index.html]
[s0.wp.com/wp-includes/js/underscore.min.js]
[coffeebean506.wordpress.com/2016/11/23/is-coffee-saving-lives/feed/index.html]
[s0.wp.com/wp-content/js/jquery/jquery.wpcom-proxy-request0063.js]
[widgets.wp.com/timeline/index.html]
[widgets.wp.com/timeline/script.js]
[widgets.wp.com/follow/index.html]
[coffeebean506.wordpress.com/2016/11/page/2/index.html]
[coffeebean506.wordpress.com/ABCDEFGHIJKLMNOPQRSTUVWXYZabcdefghijklmnopqrstuvwxyz0123456789+/index.html]
[coffeebean506.wordpress.com/g.html]
[coffeebean506.wordpress.com/c.html]
[widgets.wp.com/follow/follow-rest.js]
[coffeebean506.wordpress.com/2016/11/23/coffee-the-liver/feed/index.html]
[coffeebean506.files.wordpress.com/2016/11/4.png]
[coffeebean506.files.wordpress.com/2016/11/imagesnk6hla4vd209.jpg]
[pixel.wp.com/bd0ec.gif]
[pixel.wp.com/b7f73.gif]
[coffeebean506.wordpress.com/2016/11/23/where-does-coffee-grow/amp/index.html]
[coffeebean506.wordpress.com/category/all-things-coffee/page/2/index.html]
[botd.wordpress.com/botd3fb5.html]
[coffeebean506.files.wordpress.com/2016/11/10.jpg]
[coffeebean506.files.wordpress.com/2016/11/10d209.jpg]
[pixel.wp.com/b6384.gif]
[pixel.wp.com/b24a3.gif]
[coffeebean506.wordpress.com/2016/11/24/13-health-benefits-of-coffee/amp/index.html]
[coffeebean506.files.wordpress.com/2016/11/enhanced-buzz-28939-1411661041-23.jpg]
[coffeebean506.files.wordpress.com/2016/11/enhanced-buzz-17999-1411655088-15d209.jpg]
[pixel.wp.com/b28d0.gif]
[pixel.wp.com/b3f4f.gif]
[coffeebean506.wordpress.com/2016/11/24/10-ways-you-can-reuse-your-coffee-grounds/amp/index.html]
[coffeebean506.files.wordpress.com/2016/11/10.png]
[coffeebean506.files.wordpress.com/2016/11/1065c1.png]
[pixel.wp.com/beeea.gif]
[pixel.wp.com/b833b.gif]
[coffeebean506.wordpress.com/2016/11/24/coffee-depression-is-coffee-the-new-antidepressant/amp/index.html]
[coffeebean506.files.wordpress.com/2016/11/imagesboo6mwee.jpg]
[coffeebean506.files.wordpress.com/2016/11/imagesboo6mweed209.jpg]
[pixel.wp.com/bed0c.gif]
[coffeebean506.wordpress.com/2016/11/23/is-coffee-saving-lives/amp/index.html]
[pixel.wp.com/b5300.gif]
[coffeebean506.files.wordpress.com/2016/11/5.png]
[coffeebean506.files.wordpress.com/2016/11/5d209.png]
[pixel.wp.com/b541b.gif]
[pixel.wp.com/b78a3.gif]
[coffeebean506.wordpress.com/2016/11/23/coffee-the-liver/amp/index.html]
[s0.wp.com/wp-includes/js/jquery/jquery.js]
[s0.wp.com/wp-content/js/jed/jed.js]
[s0.wp.com/wp-includes/js/underscore.min.js]
[s0.wp.com/wp-content/js/jquery/jquery.wpcom-proxy-request0063.js]
[widgets.wp.com/timeline/script.js]
[widgets.wp.com/timeline/stylec81e.css]
[widgets.wp.com/follow/follow-rest.js]
[widgets.wp.com/follow/stylee9d4.css]
[s0.wordpress.com/i/noticons/noticons.css]
[s0.wordpress.com/i/noticons/Noticonsd41d.eot]
[s0.wordpress.com/i/noticons/Noticons.ttf]
[s0.wordpress.com/i/noticons/noticons.css]
[widgets.wp.com/timeline/stylec81e.css]
[widgets.wp.com/follow/stylee9d4.css]
[s0.wordpress.com/i/noticons/Noticons.svg]
[s0.wordpress.com/i/noticons/Noticons.svg]
