[thecoffeebean813.000webhostapp.com/index.html]
[backblue.gif]
[fade.gif]
[index.html]
[thecoffeebean813.000webhostapp.com/wp-content/themes/hueman/assets/front/css/main.min6765.css]
[thecoffeebean813.000webhostapp.com/wp-content/themes/being-hueman/style6765.css]
[thecoffeebean813.000webhostapp.com/wp-content/themes/hueman/assets/front/css/font-awesome.min6765.css]
[thecoffeebean813.000webhostapp.com/feed/index.html]
[thecoffeebean813.000webhostapp.com/wp-content/plugins/add-to-any/addtoany.mina4cb.css]
[thecoffeebean813.000webhostapp.com/wp-includes/js/jquery/jqueryb8ff.js]
[thecoffeebean813.000webhostapp.com/wp-includes/js/jquery/jquery-migrate.min330a.js]
[thecoffeebean813.000webhostapp.com/wp-content/plugins/add-to-any/addtoany.min5152.js]
[thecoffeebean813.000webhostapp.com/comments/feed/index.html]
[thecoffeebean813.000webhostapp.com/wp-content/themes/hueman/assets/front/js/lib/jquery.flexslider.min4906.js]
[thecoffeebean813.000webhostapp.com/xmlrpc0db0.php]
[thecoffeebean813.000webhostapp.com/wp-json/index.html]
[thecoffeebean813.000webhostapp.com/wp-includes/wlwmanifest.xml]
[static.addtoany.com/menu/page.js]
[thecoffeebean813.000webhostapp.com/wp-content/uploads/2017/01/cropped-imagesJYPH6U4U-150x150.jpg]
[thecoffeebean813.000webhostapp.com/wp-content/uploads/2017/01/cropped-imagesJYPH6U4U-300x300.jpg]
[thecoffeebean813.000webhostapp.com/wp-content/themes/hueman/img/thumb-medium.png]
[thecoffeebean813.000webhostapp.com/wp-includes/js/underscore.min4511.js]
[thecoffeebean813.000webhostapp.com/2017/01/02/coffee-the-liver/index.html]
[thecoffeebean813.000webhostapp.com/wp-content/themes/hueman/assets/front/js/scripts.min6765.js]
[thecoffeebean813.000webhostapp.com/index.html]
[thecoffeebean813.000webhostapp.com/xmlrpc.php]
[thecoffeebean813.000webhostapp.com/wp-includes/js/wp-embed.min4906.js]
[thecoffeebean813.000webhostapp.com/category/coffee-health/index.html]
[thecoffeebean813.000webhostapp.com/author/tcb813/index.html]
[thecoffeebean813.000webhostapp.com/2017/01/02/where-does-coffee-grow/index.html]
[thecoffeebean813.000webhostapp.com/wp-content/themes/hueman/assets/front/fonts/titillium-light-webfont.eot]
[thecoffeebean813.000webhostapp.com/category/coffee-me/index.html]
[thecoffeebean813.000webhostapp.com/wp-content/themes/hueman/assets/front/fonts/titillium-light-webfont.svg]
[thecoffeebean813.000webhostapp.com/wp-content/themes/hueman/assets/front/fonts/titillium-light-webfontd41d.eot]
[thecoffeebean813.000webhostapp.com/2017/01/02/coffee-saving-lives/index.html]
[thecoffeebean813.000webhostapp.com/wp-content/themes/hueman/assets/front/fonts/titillium-light-webfont.woff]
[thecoffeebean813.000webhostapp.com/wp-content/themes/hueman/assets/front/fonts/titillium-light-webfont.ttf]
[thecoffeebean813.000webhostapp.com/wp-content/themes/hueman/assets/front/fonts/titillium-lightitalic-webfont.eot]
[thecoffeebean813.000webhostapp.com/wp-content/themes/hueman/assets/front/fonts/titillium-lightitalic-webfont.svg]
[thecoffeebean813.000webhostapp.com/2017/01/02/depression-coffee/index.html]
[thecoffeebean813.000webhostapp.com/wp-content/themes/hueman/assets/front/fonts/titillium-lightitalic-webfontd41d.eot]
[thecoffeebean813.000webhostapp.com/wp-content/themes/hueman/assets/front/fonts/titillium-lightitalic-webfont.woff]
[thecoffeebean813.000webhostapp.com/2017/01/02/10-ways-you-can-reuse-your-coffee-grounds/index.html]
[thecoffeebean813.000webhostapp.com/wp-content/themes/hueman/assets/front/fonts/titillium-lightitalic-webfont.ttf]
[thecoffeebean813.000webhostapp.com/wp-content/themes/hueman/assets/front/fonts/titillium-regular-webfont.eot]
[thecoffeebean813.000webhostapp.com/wp-content/themes/hueman/assets/front/fonts/titillium-regular-webfont.svg]
[thecoffeebean813.000webhostapp.com/wp-content/themes/hueman/assets/front/fonts/titillium-regular-webfontd41d.eot]
[thecoffeebean813.000webhostapp.com/page/2/index.html]
[thecoffeebean813.000webhostapp.com/wp-content/themes/hueman/assets/front/fonts/titillium-regular-webfont.woff]
[thecoffeebean813.000webhostapp.com/wp-content/themes/hueman/assets/front/fonts/titillium-regular-webfont.ttf]
[thecoffeebean813.000webhostapp.com/wp-content/themes/hueman/assets/front/fonts/titillium-regularitalic-webfont.eot]
[thecoffeebean813.000webhostapp.com/category/coffee-beauty/index.html]
[thecoffeebean813.000webhostapp.com/wp-content/themes/hueman/assets/front/fonts/titillium-regularitalic-webfont.svg]
[thecoffeebean813.000webhostapp.com/wp-content/themes/hueman/assets/front/fonts/titillium-regularitalic-webfontd41d.eot]
[thecoffeebean813.000webhostapp.com/wp-content/themes/hueman/assets/front/fonts/titillium-regularitalic-webfont.woff]
[thecoffeebean813.000webhostapp.com/wp-content/themes/hueman/assets/front/fonts/titillium-regularitalic-webfont.ttf]
[thecoffeebean813.000webhostapp.com/wp-content/themes/hueman/assets/front/fonts/titillium-semibold-webfont.eot]
[thecoffeebean813.000webhostapp.com/wp-content/themes/hueman/assets/front/fonts/titillium-semibold-webfont.svg]
[thecoffeebean813.000webhostapp.com/wp-content/themes/hueman/assets/front/fonts/titillium-semibold-webfontd41d.eot]
[thecoffeebean813.000webhostapp.com/wp-content/themes/hueman/assets/front/fonts/titillium-semibold-webfont.woff]
[thecoffeebean813.000webhostapp.com/wp-content/themes/hueman/assets/front/fonts/titillium-semibold-webfont.ttf]
[thecoffeebean813.000webhostapp.com/wp-content/themes/hueman/assets/front/img/pre.png]
[thecoffeebean813.000webhostapp.com/wp-content/themes/hueman/assets/front/img/sidebar/s-right-s1.png]
[thecoffeebean813.000webhostapp.com/wp-content/themes/hueman/assets/front/img/sidebar/s-left.png]
[thecoffeebean813.000webhostapp.com/wp-content/themes/hueman/assets/front/img/sidebar/s-right-s2.png]
[thecoffeebean813.000webhostapp.com/wp-content/themes/hueman/assets/front/img/sidebar/s-right-dual-full-expand.png]
[thecoffeebean813.000webhostapp.com/wp-content/themes/hueman/assets/front/img/sidebar/s-left-dual-full-expand.png]
[thecoffeebean813.000webhostapp.com/wp-content/themes/hueman/assets/front/img/opacity-10.png]
[thecoffeebean813.000webhostapp.com/wp-content/themes/hueman/assets/front/img/ie/opacity-70.png]
[thecoffeebean813.000webhostapp.com/wp-content/themes/hueman/assets/front/img/ie/opacity-80-light.png]
[thecoffeebean813.000webhostapp.com/wp-content/themes/hueman/assets/front/img/sidebar/s-right-collapse.png]
[thecoffeebean813.000webhostapp.com/wp-content/themes/hueman/assets/front/img/sidebar/s-right-dual-half-collapse.png]
[thecoffeebean813.000webhostapp.com/wp-content/themes/hueman/assets/front/img/sidebar/s-left-dual-half-collapse.png]
[thecoffeebean813.000webhostapp.com/wp-content/themes/hueman/assets/front/img/sidebar/s-right-dual-full-collapse.png]
[thecoffeebean813.000webhostapp.com/wp-content/themes/hueman/assets/front/img/sidebar/s-left-dual-full-collapse.png]
[thecoffeebean813.000webhostapp.com/wp-content/themes/hueman/assets/front/css/main.min6765.css]
[thecoffeebean813.000webhostapp.com/wp-content/themes/being-hueman/style6765.css]
[thecoffeebean813.000webhostapp.com/wp-content/themes/hueman/style.css]
[thecoffeebean813.000webhostapp.com/wp-content/themes/hueman/assets/front/fonts/fontawesome-webfont3e6e.eot]
[thecoffeebean813.000webhostapp.com/wp-content/themes/hueman/assets/front/fonts/fontawesome-webfontd41d.eot]
[thecoffeebean813.000webhostapp.com/wp-content/themes/hueman/assets/front/fonts/fontawesome-webfont3e6e.woff]
[thecoffeebean813.000webhostapp.com/wp-content/themes/hueman/assets/front/fonts/fontawesome-webfont3e6e.ttf]
[thecoffeebean813.000webhostapp.com/wp-content/themes/hueman/assets/front/css/font-awesome.min6765.css]
[thecoffeebean813.000webhostapp.com/wp-content/plugins/add-to-any/addtoany.mina4cb.css]
[thecoffeebean813.000webhostapp.com/wp-content/themes/hueman/assets/front/fonts/fontawesome-webfont3e6e.svg]
[thecoffeebean813.000webhostapp.com/2017/01/02/coffee-the-liver/feed/index.html]
[thecoffeebean813.000webhostapp.com/wp-json/oembed/1.0/embed207f.json]
[thecoffeebean813.000webhostapp.com/2017/01/02/coffee-the-liver/index.html]
[thecoffeebean813.000webhostapp.com/wp-content/themes/hueman/img/thumb-medium.html]
[thecoffeebean813.000webhostapp.com/category/coffee-health/index.html]
[thecoffeebean813.000webhostapp.com/author/tcb813/index.html]
[thecoffeebean813.000webhostapp.com/wp-includes/js/comment-reply.min4906.js]
[thecoffeebean813.000webhostapp.com/2017/01/02/natures-superfood-coffee-cherries/index.html]
[thecoffeebean813.000webhostapp.com/author/tcb813/feed/index.html]
[thecoffeebean813.000webhostapp.com/wp-json/oembed/1.0/embedd433.json]
[thecoffeebean813.000webhostapp.com/category/coffee-health/page/2/index.html]
[thecoffeebean813.000webhostapp.com/2017/01/02/health-benefits-of-coffee/index.html]
[thecoffeebean813.000webhostapp.com/author/tcb813/page/2/index.html]
[thecoffeebean813.000webhostapp.com/2017/01/02/where-does-coffee-grow/index.html]
[thecoffeebean813.000webhostapp.com/wp-json/oembed/1.0/embede0f8]
[thecoffeebean813.000webhostapp.com/category/coffee-me/index.html]
[thecoffeebean813.000webhostapp.com/2017/01/02/where-does-coffee-grow/feed/index.html]
[thecoffeebean813.000webhostapp.com/2017/01/02/light-medium-dark-whats-the-difference/index.html]
[thecoffeebean813.000webhostapp.com/2017/01/02/12-hacks-every-coffee-drinker-must-know/index.html]
[thecoffeebean813.000webhostapp.com/wp-json/oembed/1.0/embed3139.json]
[thecoffeebean813.000webhostapp.com/2017/01/02/coffee-saving-lives/feed/index.html]
[thecoffeebean813.000webhostapp.com/2017/01/02/coffee-saving-lives/index.html]
[thecoffeebean813.000webhostapp.com/wp-json/oembed/1.0/embed052d]
[thecoffeebean813.000webhostapp.com/wp-json/oembed/1.0/embed0d6b.json]
[thecoffeebean813.000webhostapp.com/2017/01/02/depression-coffee/feed/index.html]
[thecoffeebean813.000webhostapp.com/2017/01/02/depression-coffee/index.html]
[thecoffeebean813.000webhostapp.com/wp-json/oembed/1.0/embed1e30]
[thecoffeebean813.000webhostapp.com/wp-json/oembed/1.0/embede394.json]
[thecoffeebean813.000webhostapp.com/2017/01/02/10-ways-you-can-reuse-your-coffee-grounds/feed/index.html]
[thecoffeebean813.000webhostapp.com/2017/01/02/10-ways-you-can-reuse-your-coffee-grounds/index.html]
[thecoffeebean813.000webhostapp.com/page/2/index.html]
[thecoffeebean813.000webhostapp.com/category/coffee-beauty/index.html]
[thecoffeebean813.000webhostapp.com/category/coffee-beauty/feed/index.html]
[thecoffeebean813.000webhostapp.com/wp-json/oembed/1.0/embed1e38]
[thecoffeebean813.000webhostapp.com/wp-content/themes/hueman/assets/front/fonts/titillium-light-webfont.svg]
[thecoffeebean813.000webhostapp.com/wp-content/themes/hueman/assets/front/fonts/titillium-lightitalic-webfont.svg]
[thecoffeebean813.000webhostapp.com/wp-content/themes/hueman/assets/front/fonts/titillium-regular-webfont.svg]
[thecoffeebean813.000webhostapp.com/wp-content/themes/hueman/assets/front/fonts/titillium-regularitalic-webfont.svg]
[thecoffeebean813.000webhostapp.com/wp-content/themes/hueman/assets/front/fonts/titillium-semibold-webfont.svg]
[thecoffeebean813.000webhostapp.com/wp-content/themes/hueman/style.css]
[thecoffeebean813.000webhostapp.com/wp-content/themes/hueman/assets/front/fonts/fontawesome-webfont3e6e.html]
[thecoffeebean813.000webhostapp.com/wp-content/themes/hueman/assets/front/fonts/fontawesome-webfont3e6e.svg]
[thecoffeebean813.000webhostapp.com/wp-content/plugins/siteorigin-panels/css/frontb007.css]
[thecoffeebean813.000webhostapp.com/index7896.html]
[thecoffeebean813.000webhostapp.com/page/3/index.html]
[thecoffeebean813.000webhostapp.com/wp-json/oembed/1.0/embed069f]
[thecoffeebean813.000webhostapp.com/2017/01/02/drink-ideas-recipes-thatll-brighten-your-day/index.html]
[thecoffeebean813.000webhostapp.com/2017/01/02/coffee-keepingyoubeautiful/index.html]
[thecoffeebean813.000webhostapp.com/wp-json/oembed/1.0/embedee75.json]
[thecoffeebean813.000webhostapp.com/2017/01/02/natures-superfood-coffee-cherries/index.html]
[thecoffeebean813.000webhostapp.com/wp-json/oembed/1.0/embed1032]
[thecoffeebean813.000webhostapp.com/2017/01/02/can-coffee-help-reduce-risk-of-melanoma/index.html]
[thecoffeebean813.000webhostapp.com/wp-json/oembed/1.0/embedcf0d.json]
[thecoffeebean813.000webhostapp.com/2017/01/02/health-benefits-of-coffee/feed/index.html]
[thecoffeebean813.000webhostapp.com/2017/01/02/health-benefits-of-coffee/index.html]
[thecoffeebean813.000webhostapp.com/category/coffee-health/page/2/index.html]
[thecoffeebean813.000webhostapp.com/author/tcb813/page/2/index.html]
[thecoffeebean813.000webhostapp.com/index735a.html]
[thecoffeebean813.000webhostapp.com/wp-json/oembed/1.0/embed5955]
[thecoffeebean813.000webhostapp.com/wp-json/oembed/1.0/embeddd77.json]
[thecoffeebean813.000webhostapp.com/author/tcb813/page/3/index.html]
[thecoffeebean813.000webhostapp.com/2017/01/02/light-medium-dark-whats-the-difference/feed/index.html]
[thecoffeebean813.000webhostapp.com/2017/01/02/light-medium-dark-whats-the-difference/index.html]
[thecoffeebean813.000webhostapp.com/wp-json/oembed/1.0/embedc44f]
[thecoffeebean813.000webhostapp.com/wp-json/oembed/1.0/embede245.json]
[thecoffeebean813.000webhostapp.com/2017/01/02/12-hacks-every-coffee-drinker-must-know/feed/index.html]
[thecoffeebean813.000webhostapp.com/2017/01/02/12-hacks-every-coffee-drinker-must-know/index.html]
[thecoffeebean813.000webhostapp.com/category/coffee-me/feed/index.html]
[thecoffeebean813.000webhostapp.com/wp-json/oembed/1.0/embedfab2]
[thecoffeebean813.000webhostapp.com/indexe839.html]
[thecoffeebean813.000webhostapp.com/indexae74.html]
[thecoffeebean813.000webhostapp.com/index0721.html]
[thecoffeebean813.000webhostapp.com/2017/01/02/can-your-water-effect-the-taste-of-your-coffee/index.html]
[thecoffeebean813.000webhostapp.com/category/coffee-me/page/2/index.html]
[thecoffeebean813.000webhostapp.com/wp-json/oembed/1.0/embedf42f.json]
[thecoffeebean813.000webhostapp.com/2017/01/02/drink-ideas-recipes-thatll-brighten-your-day/feed/index.html]
[thecoffeebean813.000webhostapp.com/2017/01/02/drink-ideas-recipes-thatll-brighten-your-day/index.html]
[thecoffeebean813.000webhostapp.com/page/3/index.html]
[thecoffeebean813.000webhostapp.com/wp-json/oembed/1.0/embed3b58]
[thecoffeebean813.000webhostapp.com/2017/01/02/coffee-keepingyoubeautiful/index.html]
[thecoffeebean813.000webhostapp.com/wp-json/oembed/1.0/embed658f.json]
[thecoffeebean813.000webhostapp.com/2017/01/02/coffee-keepingyoubeautiful/feed/index.html]
[thecoffeebean813.000webhostapp.com/2017/01/02/coffee-keepingyoubeautiful/index6809.html]
[thecoffeebean813.000webhostapp.com/2017/01/02/natures-superfood-coffee-cherries/feed/index.html]
[thecoffeebean813.000webhostapp.com/wp-json/oembed/1.0/embed696c.json]
[thecoffeebean813.000webhostapp.com/2017/01/02/can-coffee-help-reduce-risk-of-melanoma/feed/index.html]
[thecoffeebean813.000webhostapp.com/2017/01/02/can-coffee-help-reduce-risk-of-melanoma/index.html]
[thecoffeebean813.000webhostapp.com/index9787.html]
[thecoffeebean813.000webhostapp.com/author/tcb813/page/3/index.html]
[thecoffeebean813.000webhostapp.com/index8cf7.html]
[thecoffeebean813.000webhostapp.com/index5e74.html]
[thecoffeebean813.000webhostapp.com/wp-json/oembed/1.0/embedada5]
[thecoffeebean813.000webhostapp.com/author/tcb813/page/4/index.html]
[thecoffeebean813.000webhostapp.com/category/coffee-health/feed/index.html]
[thecoffeebean813.000webhostapp.com/wp-json/oembed/1.0/embed8b42.json]
[thecoffeebean813.000webhostapp.com/2017/01/02/can-your-water-effect-the-taste-of-your-coffee/feed/index.html]
[thecoffeebean813.000webhostapp.com/2017/01/02/can-your-water-effect-the-taste-of-your-coffee/index.html]
[thecoffeebean813.000webhostapp.com/category/coffee-me/page/2/index.html]
[thecoffeebean813.000webhostapp.com/index88b9.html]
[thecoffeebean813.000webhostapp.com/indexcff1.html]
[thecoffeebean813.000webhostapp.com/2017/01/02/coffee-keepingyoubeautiful/index6809.html]
[thecoffeebean813.000webhostapp.com/wp-json/oembed/1.0/embed9ff4]
[thecoffeebean813.000webhostapp.com/author/tcb813/page/4/index.html]
[thecoffeebean813.000webhostapp.com/index94b0.html]
[thecoffeebean813.000webhostapp.com/wp-json/oembed/1.0/embeda5cd]
[thecoffeebean813.000webhostapp.com/indexcc0f.html]
[thecoffeebean813.000webhostapp.com/index4170.html]
