[thecoffeebean813.000webhostapp.com/index.html]
[backblue.gif]
[fade.gif]
[index.html]
[thecoffeebean813.000webhostapp.com/wp-content/plugins/add-to-any/addtoany.mina4cb.css]
[thecoffeebean813.000webhostapp.com/feed/index.html]
[thecoffeebean813.000webhostapp.com/wp-content/uploads/2017/01/5-720x340.png]
[thecoffeebean813.000webhostapp.com/index.html]
[thecoffeebean813.000webhostapp.com/xmlrpc.php]
[thecoffeebean813.000webhostapp.com/comments/feed/index.html]
[thecoffeebean813.000webhostapp.com/wp-content/themes/hueman/assets/front/fonts/titillium-regular-webfont.ttf]
[thecoffeebean813.000webhostapp.com/wp-content/plugins/add-to-any/addtoany.min5152.js]
[thecoffeebean813.000webhostapp.com/wp-content/themes/hueman/assets/front/js/lib/jquery.flexslider.min4906.js]
[thecoffeebean813.000webhostapp.com/wp-content/themes/hueman/assets/front/css/main.min6765.css]
[thecoffeebean813.000webhostapp.com/wp-content/themes/being-hueman/style6765.css]
[thecoffeebean813.000webhostapp.com/wp-json/index.html]
[thecoffeebean813.000webhostapp.com/xmlrpc0db0.php]
[static.addtoany.com/menu/page.js]
[thecoffeebean813.000webhostapp.com/wp-content/uploads/2017/01/cropped-imagesJYPH6U4U-150x150.jpg]
[thecoffeebean813.000webhostapp.com/wp-content/themes/hueman/assets/front/fonts/fontawesome-webfont3e6e.eot]
[thecoffeebean813.000webhostapp.com/wp-content/uploads/2017/01/cropped-imagesJYPH6U4U-300x300.jpg]
[thecoffeebean813.000webhostapp.com/wp-content/themes/hueman/assets/front/css/font-awesome.min6765.css]
[thecoffeebean813.000webhostapp.com/wp-content/plugins/add-to-any/addtoany.mina4cb.css]
[thecoffeebean813.000webhostapp.com/author/tcb813/index.html]
[thecoffeebean813.000webhostapp.com/2017/01/02/coffee-the-liver/index.html]
[thecoffeebean813.000webhostapp.com/2017/01/02/where-does-coffee-grow/index.html]
[thecoffeebean813.000webhostapp.com/category/coffee-me/index.html]
[thecoffeebean813.000webhostapp.com/2017/01/02/coffee-the-liver/index.html]
[thecoffeebean813.000webhostapp.com/wp-content/uploads/2017/01/imagesNK6HLA4V-520x245.jpg]
[thecoffeebean813.000webhostapp.com/page/2/index.html]
[thecoffeebean813.000webhostapp.com/2017/01/02/coffee-saving-lives/index.html]
[thecoffeebean813.000webhostapp.com/category/coffee-health/index.html]
[thecoffeebean813.000webhostapp.com/author/tcb813/index.html]
[thecoffeebean813.000webhostapp.com/wp-content/uploads/2017/01/imagesBOO6MWEE-520x245.jpg]
[thecoffeebean813.000webhostapp.com/category/coffee-beauty/index.html]
[thecoffeebean813.000webhostapp.com/2017/01/02/10-ways-you-can-reuse-your-coffee-grounds/index.html]
[thecoffeebean813.000webhostapp.com/wp-includes/js/underscore.min4511.js]
[thecoffeebean813.000webhostapp.com/wp-includes/js/wp-embed.min4906.js]
[thecoffeebean813.000webhostapp.com/2017/01/02/where-does-coffee-grow/index.html]
[thecoffeebean813.000webhostapp.com/category/coffee-me/index.html]
[thecoffeebean813.000webhostapp.com/wp-content/themes/hueman/assets/front/fonts/titillium-light-webfontd41d.eot]
[thecoffeebean813.000webhostapp.com/wp-content/themes/hueman/assets/front/fonts/titillium-light-webfont.eot]
[thecoffeebean813.000webhostapp.com/wp-content/themes/hueman/assets/front/fonts/titillium-light-webfont.woff]
[thecoffeebean813.000webhostapp.com/2017/01/02/coffee-saving-lives/index.html]
[thecoffeebean813.000webhostapp.com/page/2/index.html]
[thecoffeebean813.000webhostapp.com/wp-content/themes/hueman/assets/front/fonts/titillium-light-webfont.ttf]
[thecoffeebean813.000webhostapp.com/wp-content/themes/hueman/assets/front/fonts/titillium-lightitalic-webfont.eot]
[thecoffeebean813.000webhostapp.com/wp-content/themes/hueman/assets/front/fonts/titillium-lightitalic-webfontd41d.eot]
[thecoffeebean813.000webhostapp.com/2017/01/02/10-ways-you-can-reuse-your-coffee-grounds/index.html]
[thecoffeebean813.000webhostapp.com/category/coffee-beauty/index.html]
[thecoffeebean813.000webhostapp.com/wp-content/themes/hueman/assets/front/fonts/titillium-light-webfont.svg]
[thecoffeebean813.000webhostapp.com/wp-content/themes/hueman/assets/front/fonts/titillium-regular-webfont.eot]
[thecoffeebean813.000webhostapp.com/wp-content/themes/hueman/assets/front/fonts/titillium-lightitalic-webfont.svg]
[thecoffeebean813.000webhostapp.com/wp-content/themes/hueman/assets/front/fonts/titillium-regular-webfontd41d.eot]
[thecoffeebean813.000webhostapp.com/wp-content/themes/hueman/assets/front/fonts/titillium-regular-webfont.woff]
[thecoffeebean813.000webhostapp.com/wp-content/themes/hueman/assets/front/fonts/titillium-regularitalic-webfont.eot]
[thecoffeebean813.000webhostapp.com/wp-content/themes/hueman/assets/front/fonts/titillium-regularitalic-webfont.svg]
[thecoffeebean813.000webhostapp.com/wp-content/themes/hueman/assets/front/fonts/titillium-regularitalic-webfontd41d.eot]
[thecoffeebean813.000webhostapp.com/wp-content/themes/hueman/assets/front/fonts/titillium-regularitalic-webfont.woff]
[thecoffeebean813.000webhostapp.com/wp-content/themes/hueman/assets/front/fonts/titillium-regularitalic-webfont.ttf]
[thecoffeebean813.000webhostapp.com/wp-content/themes/hueman/assets/front/fonts/titillium-semibold-webfont.eot]
[thecoffeebean813.000webhostapp.com/wp-content/themes/hueman/assets/front/fonts/titillium-semibold-webfont.svg]
[thecoffeebean813.000webhostapp.com/wp-content/themes/hueman/assets/front/fonts/titillium-semibold-webfontd41d.eot]
[thecoffeebean813.000webhostapp.com/wp-content/themes/hueman/assets/front/fonts/titillium-semibold-webfont.woff]
[thecoffeebean813.000webhostapp.com/wp-content/themes/hueman/assets/front/fonts/titillium-semibold-webfont.ttf]
[thecoffeebean813.000webhostapp.com/wp-content/themes/hueman/assets/front/img/pre.png]
[thecoffeebean813.000webhostapp.com/wp-content/themes/hueman/assets/front/img/sidebar/s-right-s1.png]
[thecoffeebean813.000webhostapp.com/wp-content/themes/hueman/assets/front/img/sidebar/s-left.png]
[thecoffeebean813.000webhostapp.com/wp-content/themes/hueman/assets/front/img/sidebar/s-right-s2.png]
[thecoffeebean813.000webhostapp.com/wp-content/themes/hueman/assets/front/img/sidebar/s-right-dual-full-expand.png]
[thecoffeebean813.000webhostapp.com/wp-content/themes/hueman/assets/front/img/sidebar/s-left-dual-full-expand.png]
[thecoffeebean813.000webhostapp.com/wp-content/themes/hueman/assets/front/img/opacity-10.png]
[thecoffeebean813.000webhostapp.com/wp-content/themes/hueman/assets/front/img/ie/opacity-70.png]
[thecoffeebean813.000webhostapp.com/wp-content/themes/hueman/assets/front/img/ie/opacity-80-light.png]
[thecoffeebean813.000webhostapp.com/wp-content/themes/hueman/assets/front/img/sidebar/s-right-collapse.png]
[thecoffeebean813.000webhostapp.com/wp-content/themes/hueman/assets/front/img/sidebar/s-right-dual-half-collapse.png]
[thecoffeebean813.000webhostapp.com/wp-content/themes/hueman/assets/front/img/sidebar/s-left-dual-half-collapse.png]
[thecoffeebean813.000webhostapp.com/wp-content/themes/hueman/assets/front/img/sidebar/s-right-dual-full-collapse.png]
[thecoffeebean813.000webhostapp.com/wp-content/themes/hueman/assets/front/img/sidebar/s-left-dual-full-collapse.png]
[thecoffeebean813.000webhostapp.com/wp-content/themes/hueman/style.css]
[thecoffeebean813.000webhostapp.com/wp-content/themes/hueman/assets/front/fonts/fontawesome-webfontd41d.eot]
[thecoffeebean813.000webhostapp.com/wp-content/themes/hueman/assets/front/fonts/fontawesome-webfont3e6e.html]
[thecoffeebean813.000webhostapp.com/wp-content/themes/hueman/assets/front/fonts/fontawesome-webfont3e6e.woff]
[thecoffeebean813.000webhostapp.com/wp-content/themes/hueman/assets/front/fonts/fontawesome-webfont3e6e.ttf]
[thecoffeebean813.000webhostapp.com/wp-content/themes/hueman/assets/front/fonts/fontawesome-webfont3e6e.svg]
[thecoffeebean813.000webhostapp.com/wp-includes/js/jquery/jqueryb8ff.js]
[thecoffeebean813.000webhostapp.com/wp-includes/js/jquery/jquery-migrate.min330a.js]
[thecoffeebean813.000webhostapp.com/wp-includes/wlwmanifest.xml]
[thecoffeebean813.000webhostapp.com/2017/01/02/coffee-the-liver/feed/index.html]
[thecoffeebean813.000webhostapp.com/wp-content/plugins/siteorigin-panels/css/frontb007.css]
[thecoffeebean813.000webhostapp.com/index7896.html]
[thecoffeebean813.000webhostapp.com/wp-json/oembed/1.0/embed207f.json]
[thecoffeebean813.000webhostapp.com/wp-json/oembed/1.0/embed069f]
[thecoffeebean813.000webhostapp.com/wp-content/uploads/2017/01/5-300x156.png]
[thecoffeebean813.000webhostapp.com/2017/01/02/can-coffee-help-reduce-risk-of-melanoma/index.html]
[thecoffeebean813.000webhostapp.com/wp-content/uploads/2017/01/15-520x245.jpg]
[thecoffeebean813.000webhostapp.com/2017/01/02/natures-superfood-coffee-cherries/index.html]
[thecoffeebean813.000webhostapp.com/wp-content/uploads/2017/01/CoffeeCherriesMAIN-520x245.jpg]
[thecoffeebean813.000webhostapp.com/wp-content/uploads/2017/01/10-520x245.png]
[thecoffeebean813.000webhostapp.com/wp-includes/js/comment-reply.min4906.js]
[thecoffeebean813.000webhostapp.com/category/coffee-health/feed/index.html]
[thecoffeebean813.000webhostapp.com/wp-content/uploads/2017/01/5-520x245.png]
[thecoffeebean813.000webhostapp.com/category/coffee-health/page/2/index.html]
[thecoffeebean813.000webhostapp.com/author/tcb813/feed/index.html]
[thecoffeebean813.000webhostapp.com/author/tcb813/page/2/index.html]
[thecoffeebean813.000webhostapp.com/2017/01/02/where-does-coffee-grow/feed/index.html]
[thecoffeebean813.000webhostapp.com/index735a.html]
[thecoffeebean813.000webhostapp.com/wp-json/oembed/1.0/embedd433.json]
[thecoffeebean813.000webhostapp.com/wp-json/oembed/1.0/embede0f8]
[thecoffeebean813.000webhostapp.com/wp-content/uploads/2017/01/imagesNK6HLA4V.jpg]
[file/C_/Users/THE OWNER/Desktop/tcb813-2/i0.wp.com/coffeebean506.files.wordpress.com/2016/11/imagesnk6hla4va24d.jpg]
[thecoffeebean813.000webhostapp.com/wp-content/uploads/2017/01/4.png]
[file/C_/Users/THE OWNER/Desktop/tcb813-2/i0.wp.com/coffeebean506.files.wordpress.com/2016/11/46226.png]
[thecoffeebean813.000webhostapp.com/2017/01/02/12-hacks-every-coffee-drinker-must-know/index.html]
[thecoffeebean813.000webhostapp.com/wp-content/uploads/2017/01/12-520x245.jpg]
[thecoffeebean813.000webhostapp.com/2017/01/02/light-medium-dark-whats-the-difference/index.html]
[thecoffeebean813.000webhostapp.com/wp-content/uploads/2017/01/11-520x245.png]
[thecoffeebean813.000webhostapp.com/2017/01/02/drink-ideas-recipes-thatll-brighten-your-day/index.html]
[thecoffeebean813.000webhostapp.com/wp-content/uploads/2017/01/picPt7gcm-520x245.jpg]
[thecoffeebean813.000webhostapp.com/category/coffee-me/feed/index.html]
[thecoffeebean813.000webhostapp.com/wp-content/uploads/2017/01/enhanced-buzz-17999-1411655088-15-520x245.jpg]
[thecoffeebean813.000webhostapp.com/category/coffee-me/page/2/index.html]
[thecoffeebean813.000webhostapp.com/2017/01/02/coffee-saving-lives/feed/index.html]
[thecoffeebean813.000webhostapp.com/indexe839.html]
[thecoffeebean813.000webhostapp.com/wp-json/oembed/1.0/embed3139.json]
[thecoffeebean813.000webhostapp.com/wp-json/oembed/1.0/embed052d]
[thecoffeebean813.000webhostapp.com/wp-content/uploads/2017/01/imagesBOO6MWEE.jpg]
[file/C_/Users/THE OWNER/Desktop/tcb813-2/i0.wp.com/coffeebean506.files.wordpress.com/2016/11/imagesboo6mweeefee.jpg]
[thecoffeebean813.000webhostapp.com/2017/01/02/health-benefits-of-coffee/index.html]
[thecoffeebean813.000webhostapp.com/wp-content/uploads/2017/01/10-520x245.jpg]
[thecoffeebean813.000webhostapp.com/page/3/index.html]
[thecoffeebean813.000webhostapp.com/2017/01/02/depression-coffee/index.html]
[thecoffeebean813.000webhostapp.com/2017/01/02/10-ways-you-can-reuse-your-coffee-grounds/feed/index.html]
[thecoffeebean813.000webhostapp.com/index0721.html]
[thecoffeebean813.000webhostapp.com/wp-json/oembed/1.0/embede394.json]
[thecoffeebean813.000webhostapp.com/wp-json/oembed/1.0/embed1e38]
[thecoffeebean813.000webhostapp.com/wp-content/uploads/2017/01/enhanced-buzz-17999-1411655088-15-300x225.jpg]
[file/C_/Users/THE OWNER/Desktop/tcb813-2/i1.wp.com/coffeebean506.files.wordpress.com/2016/11/enhanced-buzz-17999-1411655088-15711e.jpg]
[thecoffeebean813.000webhostapp.com/wp-content/uploads/2017/01/enhanced-buzz-3014-1411656269-21-300x169.jpg]
[file/C_/Users/THE OWNER/Desktop/tcb813-2/i2.wp.com/coffeebean506.files.wordpress.com/2016/11/enhanced-buzz-3014-1411656269-217a12.jpg]
[thecoffeebean813.000webhostapp.com/wp-content/uploads/2017/01/enhanced-buzz-8580-1411657401-14-300x200.jpg]
[file/C_/Users/THE OWNER/Desktop/tcb813-2/i1.wp.com/coffeebean506.files.wordpress.com/2016/11/enhanced-buzz-8580-1411657401-146813.jpg]
[thecoffeebean813.000webhostapp.com/wp-content/uploads/2017/01/untitled18.png]
[file/C_/Users/THE OWNER/Desktop/tcb813-2/i2.wp.com/coffeebean506.files.wordpress.com/2016/11/enhanced-buzz-19617-1411658722-476813.jpg]
[thecoffeebean813.000webhostapp.com/wp-content/uploads/2017/01/enhanced-buzz-6807-1411663026-8-300x200.jpg]
[file/C_/Users/THE OWNER/Desktop/tcb813-2/i2.wp.com/coffeebean506.files.wordpress.com/2016/11/enhanced-buzz-6807-1411663026-86813.jpg]
[thecoffeebean813.000webhostapp.com/wp-content/uploads/2017/01/enhanced-buzz-28939-1411661041-23-300x215.jpg]
[file/C_/Users/THE OWNER/Desktop/tcb813-2/i2.wp.com/coffeebean506.files.wordpress.com/2016/11/enhanced-buzz-28939-1411661041-23b052.jpg]
[thecoffeebean813.000webhostapp.com/wp-content/uploads/2017/01/enhanced-26160-1411662206-21-300x199.jpg]
[file/C_/Users/THE OWNER/Desktop/tcb813-2/i2.wp.com/coffeebean506.files.wordpress.com/2016/11/enhanced-26160-1411662206-21b27a.jpg]
[thecoffeebean813.000webhostapp.com/wp-content/uploads/2017/01/enhanced-buzz-1108-1411663736-27-300x200.jpg]
[file/C_/Users/THE OWNER/Desktop/tcb813-2/i1.wp.com/coffeebean506.files.wordpress.com/2016/11/enhanced-buzz-1108-1411663736-276813.jpg]
[thecoffeebean813.000webhostapp.com/wp-content/uploads/2017/01/enhanced-buzz-25481-1411661970-34-222x300.jpg]
[file/C_/Users/THE OWNER/Desktop/tcb813-2/i1.wp.com/coffeebean506.files.wordpress.com/2016/11/enhanced-buzz-25481-1411661970-34e4a8.jpg]
[thecoffeebean813.000webhostapp.com/wp-content/uploads/2017/01/enhanced-11691-1411664220-1-300x225.jpg]
[file/C_/Users/THE OWNER/Desktop/tcb813-2/i2.wp.com/coffeebean506.files.wordpress.com/2016/11/enhanced-11691-1411664220-1711e.jpg]
[thecoffeebean813.000webhostapp.com/category/coffee-beauty/feed/index.html]
[thecoffeebean813.000webhostapp.com/2017/01/02/coffee-keepingyoubeautiful/index.html]
[thecoffeebean813.000webhostapp.com/wp-content/uploads/2017/01/19-520x245.png]
[thecoffeebean813.000webhostapp.com/wp-content/themes/hueman/assets/front/js/scripts.min6765.js]
[thecoffeebean813.000webhostapp.com/wp-content/themes/hueman/assets/front/fonts/titillium-lightitalic-webfont.woff]
[thecoffeebean813.000webhostapp.com/wp-content/themes/hueman/assets/front/fonts/titillium-lightitalic-webfont.ttf]
[thecoffeebean813.000webhostapp.com/wp-content/themes/hueman/assets/front/fonts/titillium-regular-webfont.svg]
[thecoffeebean813.000webhostapp.com/2017/01/02/can-coffee-help-reduce-risk-of-melanoma/feed/index.html]
[thecoffeebean813.000webhostapp.com/index4170.html]
[thecoffeebean813.000webhostapp.com/wp-json/oembed/1.0/embed696c.html]
[thecoffeebean813.000webhostapp.com/wp-json/oembed/1.0/embedada5.html]
[thecoffeebean813.000webhostapp.com/wp-content/uploads/2017/01/15-300x160.html]
[thecoffeebean813.000webhostapp.com/2017/01/02/natures-superfood-coffee-cherries/feed/index.html]
[thecoffeebean813.000webhostapp.com/indexcc0f.html]
[thecoffeebean813.000webhostapp.com/wp-json/oembed/1.0/embedee75.html]
[thecoffeebean813.000webhostapp.com/wp-json/oembed/1.0/embed1032.html]
[thecoffeebean813.000webhostapp.com/wp-content/uploads/2017/01/CoffeeCherriesMAIN-300x169.html]
[file/C_/Users/THE OWNER/Desktop/tcb813-2/i1.wp.com/coffeebean506.files.wordpress.com/2016/11/coffeecherriesmaina53e.jpg]
[thecoffeebean813.000webhostapp.com/author/tcb813/page/3/index.html]
[thecoffeebean813.000webhostapp.com/2017/01/02/12-hacks-every-coffee-drinker-must-know/feed/index.html]
[thecoffeebean813.000webhostapp.com/2017/01/02/can-your-water-effect-the-taste-of-your-coffee/index.html]
[thecoffeebean813.000webhostapp.com/index5e74.html]
[thecoffeebean813.000webhostapp.com/wp-json/oembed/1.0/embede245.html]
[thecoffeebean813.000webhostapp.com/wp-json/oembed/1.0/embedfab2.html]
[thecoffeebean813.000webhostapp.com/wp-content/uploads/2017/01/12-300x168.html]
[file/C_/Users/THE OWNER/Desktop/tcb813-2/i2.wp.com/coffeebean506.files.wordpress.com/2016/11/120e06.jpg]
[thecoffeebean813.000webhostapp.com/wp-content/uploads/2017/01/imagesM22I53WA-520x245.html]
[thecoffeebean813.000webhostapp.com/2017/01/02/light-medium-dark-whats-the-difference/feed/index.html]
[thecoffeebean813.000webhostapp.com/index8cf7.html]
[thecoffeebean813.000webhostapp.com/wp-json/oembed/1.0/embeddd77.html]
[thecoffeebean813.000webhostapp.com/wp-json/oembed/1.0/embedc44f.html]
[thecoffeebean813.000webhostapp.com/wp-content/uploads/2017/01/11.html]
[file/C_/Users/THE OWNER/Desktop/tcb813-2/i2.wp.com/coffeebean506.files.wordpress.com/2016/11/11782b.png]
[thecoffeebean813.000webhostapp.com/2017/01/02/drink-ideas-recipes-thatll-brighten-your-day/feed/index.html]
[thecoffeebean813.000webhostapp.com/index88b9.html]
[thecoffeebean813.000webhostapp.com/wp-json/oembed/1.0/embedf42f.html]
[thecoffeebean813.000webhostapp.com/wp-json/oembed/1.0/embed3b58.html]
[thecoffeebean813.000webhostapp.com/wp-content/uploads/2017/01/picPt7gcm-300x268.html]
[file/C_/Users/THE OWNER/Desktop/tcb813-2/i2.wp.com/coffeebean506.files.wordpress.com/2016/12/picpt7gcm3cbb.jpg]
[thecoffeebean813.000webhostapp.com/wp-content/uploads/2017/01/WFxZTwIySZeAx9oQY0rv_thai-iced-coffee20220of204-300x241.html]
[file/C_/Users/THE OWNER/Desktop/tcb813-2/i2.wp.com/coffeebean506.files.wordpress.com/2016/12/wfxztwiyszeax9oqy0rv_thai-iced-coffee20220of204bca6.jpg]
[thecoffeebean813.000webhostapp.com/wp-content/uploads/2017/01/picz1oji3-300x225.html]
[file/C_/Users/THE OWNER/Desktop/tcb813-2/i1.wp.com/coffeebean506.files.wordpress.com/2016/12/picz1oji36716.jpg]
[thecoffeebean813.000webhostapp.com/wp-content/uploads/2017/01/picjzsRNC-300x225.html]
[file/C_/Users/THE OWNER/Desktop/tcb813-2/i0.wp.com/coffeebean506.files.wordpress.com/2016/12/picjzsrnc6716.jpg]
[thecoffeebean813.000webhostapp.com/wp-content/uploads/2017/01/picOXAh3t-300x201.html]
[file/C_/Users/THE OWNER/Desktop/tcb813-2/i2.wp.com/coffeebean506.files.wordpress.com/2016/12/picoxah3t262e.jpg]
[thecoffeebean813.000webhostapp.com/wp-content/uploads/2017/01/pic19qhyk-211x300.html]
[file/C_/Users/THE OWNER/Desktop/tcb813-2/i1.wp.com/coffeebean506.files.wordpress.com/2016/12/pic19qhyk3a68.jpg]
[thecoffeebean813.000webhostapp.com/wp-content/uploads/2017/01/pictRBih8-300x225.html]
[file/C_/Users/THE OWNER/Desktop/tcb813-2/i0.wp.com/coffeebean506.files.wordpress.com/2016/12/pictrbih86716.jpg]
[thecoffeebean813.000webhostapp.com/wp-content/uploads/2017/01/pic5HO51R-242x300.html]
[file/C_/Users/THE OWNER/Desktop/tcb813-2/i0.wp.com/coffeebean506.files.wordpress.com/2016/12/pic5ho51r68b9.jpg]
[thecoffeebean813.000webhostapp.com/wp-content/uploads/2017/01/picbMphMw-233x300.html]
[file/C_/Users/THE OWNER/Desktop/tcb813-2/i0.wp.com/coffeebean506.files.wordpress.com/2016/12/picbmphmwbad2.jpg]
[thecoffeebean813.000webhostapp.com/wp-content/uploads/2017/01/lfkfEw-300x280.html]
[file/C_/Users/THE OWNER/Desktop/tcb813-2/i1.wp.com/coffeebean506.files.wordpress.com/2016/12/lfkfew7781.jpg]
[thecoffeebean813.000webhostapp.com/wp-content/uploads/2017/01/picElfZkr-300x256.html]
[file/C_/Users/THE OWNER/Desktop/tcb813-2/i0.wp.com/coffeebean506.files.wordpress.com/2016/12/picelfzkr68de.jpg]
[thecoffeebean813.000webhostapp.com/wp-content/uploads/2017/01/pic6Y07ag-300x221.html]
[file/C_/Users/THE OWNER/Desktop/tcb813-2/i0.wp.com/coffeebean506.files.wordpress.com/2016/12/pic6y07ag47b5.jpg]
[thecoffeebean813.000webhostapp.com/wp-content/uploads/2017/01/picRL8oh0-281x300.html]
[file/C_/Users/THE OWNER/Desktop/tcb813-2/i1.wp.com/coffeebean506.files.wordpress.com/2016/12/picrl8oh026e5.jpg]
[thecoffeebean813.000webhostapp.com/wp-content/uploads/2017/01/picSLzvAQ-300x225.html]
[file/C_/Users/THE OWNER/Desktop/tcb813-2/i0.wp.com/coffeebean506.files.wordpress.com/2016/12/picslzvaq6716.jpg]
[thecoffeebean813.000webhostapp.com/wp-content/uploads/2017/01/quOweY-300x280.html]
[file/C_/Users/THE OWNER/Desktop/tcb813-2/i2.wp.com/coffeebean506.files.wordpress.com/2016/12/quowey7781.jpg]
[thecoffeebean813.000webhostapp.com/2017/01/02/health-benefits-of-coffee/feed/index.html]
[thecoffeebean813.000webhostapp.com/index9787.html]
[thecoffeebean813.000webhostapp.com/wp-json/oembed/1.0/embedcf0d.html]
[thecoffeebean813.000webhostapp.com/wp-json/oembed/1.0/embed5955.html]
[thecoffeebean813.000webhostapp.com/wp-content/uploads/2017/01/10.html]
[file/C_/Users/THE OWNER/Desktop/tcb813-2/i2.wp.com/coffeebean506.files.wordpress.com/2016/11/10a682.jpg]
[thecoffeebean813.000webhostapp.com/2017/01/02/depression-coffee/feed/index.html]
[thecoffeebean813.000webhostapp.com/indexae74.html]
[thecoffeebean813.000webhostapp.com/wp-json/oembed/1.0/embed0d6b.html]
[thecoffeebean813.000webhostapp.com/wp-json/oembed/1.0/embed1e30.html]
[thecoffeebean813.000webhostapp.com/wp-content/uploads/2017/01/10-2.html]
[thecoffeebean813.000webhostapp.com/2017/01/02/coffee-keepingyoubeautiful/feed/index.html]
[thecoffeebean813.000webhostapp.com/indexcff1.html]
[thecoffeebean813.000webhostapp.com/wp-json/oembed/1.0/embed658f.html]
[thecoffeebean813.000webhostapp.com/wp-json/oembed/1.0/embeda5cd.html]
[thecoffeebean813.000webhostapp.com/wp-content/uploads/2017/01/17-300x134.html]
[file/C_/Users/THE OWNER/Desktop/tcb813-2/i1.wp.com/coffeebean506.files.wordpress.com/2016/12/178f73.png]
[thecoffeebean813.000webhostapp.com/wp-content/uploads/2017/01/images7MONVF5X.html]
[file/C_/Users/THE OWNER/Desktop/tcb813-2/i0.wp.com/coffeebean506.files.wordpress.com/2016/12/images7monvf5x9bd9.jpg]
[thecoffeebean813.000webhostapp.com/wp-content/uploads/2017/01/18.html]
[file/C_/Users/THE OWNER/Desktop/tcb813-2/i2.wp.com/coffeebean506.files.wordpress.com/2016/12/18782b.png]
[thecoffeebean813.000webhostapp.com/wp-content/uploads/2017/01/19.html]
[file/C_/Users/THE OWNER/Desktop/tcb813-2/i2.wp.com/coffeebean506.files.wordpress.com/2016/12/19ed9d.png]
[thecoffeebean813.000webhostapp.com/wp-content/uploads/2017/01/imagesK8RLHKIC.html]
[file/C_/Users/THE OWNER/Desktop/tcb813-2/i1.wp.com/coffeebean506.files.wordpress.com/2016/12/imagesk8rlhkic98ce.jpg]
[thecoffeebean813.000webhostapp.com/wp-content/uploads/2017/01/imagesJV0XFRIW-300x144.html]
[file/C_/Users/THE OWNER/Desktop/tcb813-2/i0.wp.com/coffeebean506.files.wordpress.com/2016/12/imagesjv0xfriw18f2.jpg]
[thecoffeebean813.000webhostapp.com/wp-content/uploads/2017/01/20.html]
[file/C_/Users/THE OWNER/Desktop/tcb813-2/i2.wp.com/coffeebean506.files.wordpress.com/2016/12/20dcf3.png]
[thecoffeebean813.000webhostapp.com/wp-content/uploads/2017/01/22.html]
[file/C_/Users/THE OWNER/Desktop/tcb813-2/i1.wp.com/coffeebean506.files.wordpress.com/2016/12/225e9e.png]
[thecoffeebean813.000webhostapp.com/wp-content/uploads/2017/01/23.html]
[file/C_/Users/THE OWNER/Desktop/tcb813-2/i0.wp.com/coffeebean506.files.wordpress.com/2016/12/23782b.png]
[thecoffeebean813.000webhostapp.com/wp-content/uploads/2017/01/imagesGAM7S4PF.html]
[file/C_/Users/THE OWNER/Desktop/tcb813-2/i1.wp.com/coffeebean506.files.wordpress.com/2016/12/imagesgam7s4pf457e.jpg]
[thecoffeebean813.000webhostapp.com/wp-content/uploads/2017/01/imagesJI52KNQC.html]
[file/C_/Users/THE OWNER/Desktop/tcb813-2/i2.wp.com/coffeebean506.files.wordpress.com/2016/12/imagesji52knqc3597.jpg]
[thecoffeebean813.000webhostapp.com/wp-content/uploads/2017/01/imagesTQ2DB1GX.html]
[thecoffeebean813.000webhostapp.com/2017/01/02/coffee-keepingyoubeautiful/index6809.html]
[thecoffeebean813.000webhostapp.com/author/tcb813/page/4/index.html]
[thecoffeebean813.000webhostapp.com/2017/01/02/can-your-water-effect-the-taste-of-your-coffee/feed/index.html]
[thecoffeebean813.000webhostapp.com/index94b0.html]
[thecoffeebean813.000webhostapp.com/wp-json/oembed/1.0/embed8b42.html]
[thecoffeebean813.000webhostapp.com/wp-json/oembed/1.0/embed9ff4.html]
[thecoffeebean813.000webhostapp.com/wp-content/uploads/2017/01/imagesM22I53WA-300x102.html]
[file/C_/Users/THE OWNER/Desktop/tcb813-2/i0.wp.com/coffeebean506.files.wordpress.com/2016/11/imagesm22i53wa84ac.jpg]
